[     247ms] [INFO] %cDownload the React DevTools for a better development experience: https://reactjs.org/link/react-devtools font-weight:bold @ http://localhost:3000/@fs/Users/jonathanzhang/Desktop/CodeStart/CodeStart/node_modules/.vite/deps/chunk-LPF6KSF2.js?v=d3fac6af:21608
[     270ms] [WARNING] <meta name="apple-mobile-web-app-capable" content="yes"> is deprecated. Please include <meta name="mobile-web-app-capable" content="yes"> @ http://localhost:3000/:0
[     273ms] [ERROR] Failed to load resource: the server responded with a status of 401 (Unauthorized) @ http://localhost:3000/api/auth/me:0
[     407ms] [WARNING] Error while trying to use the following icon from the Manifest: http://localhost:3000/icons/icon-192.png (Resource size is not correct - typo in the Manifest?) @ http://localhost:3000/:0
[    2500ms] [INFO] %cDownload the React DevTools for a better development experience: https://reactjs.org/link/react-devtools font-weight:bold @ http://localhost:3000/@fs/Users/jonathanzhang/Desktop/CodeStart/CodeStart/node_modules/.vite/deps/chunk-LPF6KSF2.js?v=d3fac6af:21608
[    2527ms] [WARNING] <meta name="apple-mobile-web-app-capable" content="yes"> is deprecated. Please include <meta name="mobile-web-app-capable" content="yes"> @ http://localhost:3000/login:0
[    2529ms] [ERROR] Failed to load resource: the server responded with a status of 401 (Unauthorized) @ http://localhost:3000/api/auth/me:0
[    2532ms] [WARNING] Error while trying to use the following icon from the Manifest: http://localhost:3000/icons/icon-192.png (Resource size is not correct - typo in the Manifest?) @ http://localhost:3000/login:0
[ 5062859ms] [ERROR] Failed to load resource: the server responded with a status of 401 (Unauthorized) @ http://localhost:3000/api/auth/me:0
[ 5191201ms] [ERROR] Failed to load resource: the server responded with a status of 401 (Unauthorized) @ http://localhost:3000/api/auth/me:0
[ 5218543ms] [ERROR] Failed to load resource: the server responded with a status of 401 (Unauthorized) @ http://localhost:3000/api/auth/me:0
[ 5261693ms] [ERROR] Failed to load resource: the server responded with a status of 401 (Unauthorized) @ http://localhost:3000/api/auth/me:0
[ 6057761ms] [ERROR] Failed to load resource: the server responded with a status of 401 (Unauthorized) @ http://localhost:3000/api/auth/me:0
[ 6071603ms] [ERROR] Failed to load resource: the server responded with a status of 401 (Unauthorized) @ http://localhost:3000/api/auth/me:0
[ 6085794ms] [ERROR] Failed to load resource: the server responded with a status of 401 (Unauthorized) @ http://localhost:3000/api/auth/me:0
[ 6117647ms] [ERROR] Failed to load resource: the server responded with a status of 401 (Unauthorized) @ http://localhost:3000/api/auth/me:0
[ 9109352ms] [LOG] [vite] server connection lost. Polling for restart... @ http://localhost:3000/@vite/client:864
[ 9109973ms] [INFO] %cDownload the React DevTools for a better development experience: https://reactjs.org/link/react-devtools font-weight:bold @ http://localhost:3000/@fs/Users/jonathanzhang/Desktop/CodeStart/CodeStart/node_modules/.vite/deps/chunk-LPF6KSF2.js?v=d3fac6af:21608
[ 9110008ms] [WARNING] <meta name="apple-mobile-web-app-capable" content="yes"> is deprecated. Please include <meta name="mobile-web-app-capable" content="yes"> @ http://localhost:3000/login:0
[ 9110018ms] [ERROR] Failed to load resource: the server responded with a status of 401 (Unauthorized) @ http://localhost:3000/api/auth/me:0
[ 9110029ms] [WARNING] Error while trying to use the following icon from the Manifest: http://localhost:3000/icons/icon-192.png (Resource size is not correct - typo in the Manifest?) @ http://localhost:3000/login:0
[45888713ms] [LOG] [vite] server connection lost. Polling for restart... @ http://localhost:3000/@vite/client:864
[45889137ms] [INFO] %cDownload the React DevTools for a better development experience: https://reactjs.org/link/react-devtools font-weight:bold @ http://localhost:3000/@fs/Users/jonathanzhang/Desktop/CodeStart/CodeStart/node_modules/.vite/deps/chunk-LPF6KSF2.js?v=d3fac6af:21608
[45889166ms] [WARNING] <meta name="apple-mobile-web-app-capable" content="yes"> is deprecated. Please include <meta name="mobile-web-app-capable" content="yes"> @ http://localhost:3000/login:0
[45889171ms] [ERROR] Failed to load resource: the server responded with a status of 401 (Unauthorized) @ http://localhost:3000/api/auth/me:0
[45889179ms] [WARNING] Error while trying to use the following icon from the Manifest: http://localhost:3000/icons/icon-192.png (Resource size is not correct - typo in the Manifest?) @ http://localhost:3000/login:0
[46812422ms] [ERROR] Failed to load resource: the server responded with a status of 401 (Unauthorized) @ http://localhost:3000/api/auth/me:0
[46826912ms] [ERROR] Failed to load resource: the server responded with a status of 401 (Unauthorized) @ http://localhost:3000/api/auth/me:0
[46845395ms] [ERROR] Failed to load resource: the server responded with a status of 401 (Unauthorized) @ http://localhost:3000/api/auth/me:0
[47276928ms] [ERROR] WebSocket connection to 'ws://localhost:3000/vite-hmr?token=-J0eHxSjCJrk' failed:  @ http://localhost:3000/@vite/client:744
[47276929ms] [LOG] [vite] server connection lost. Polling for restart... @ http://localhost:3000/@vite/client:864
[47443862ms] [INFO] %cDownload the React DevTools for a better development experience: https://reactjs.org/link/react-devtools font-weight:bold @ http://localhost:3000/@fs/Users/jonathanzhang/Desktop/CodeStart/CodeStart/node_modules/.vite/deps/chunk-LPF6KSF2.js?v=d3fac6af:21608
[47443885ms] [WARNING] <meta name="apple-mobile-web-app-capable" content="yes"> is deprecated. Please include <meta name="mobile-web-app-capable" content="yes"> @ http://localhost:3000/login:0
[47443887ms] [ERROR] Failed to load resource: the server responded with a status of 401 (Unauthorized) @ http://localhost:3000/api/auth/me:0
[47443893ms] [WARNING] Error while trying to use the following icon from the Manifest: http://localhost:3000/icons/icon-192.png (Resource size is not correct - typo in the Manifest?) @ http://localhost:3000/login:0
[48338129ms] [ERROR] Failed to load resource: the server responded with a status of 401 (Unauthorized) @ http://localhost:3000/api/auth/me:0
[54278618ms] [LOG] [vite] server connection lost. Polling for restart... @ http://localhost:3000/@vite/client:864
[54279086ms] [INFO] %cDownload the React DevTools for a better development experience: https://reactjs.org/link/react-devtools font-weight:bold @ http://localhost:3000/@fs/Users/jonathanzhang/Desktop/CodeStart/CodeStart/node_modules/.vite/deps/chunk-LPF6KSF2.js?v=d3fac6af:21608
[54279115ms] [WARNING] <meta name="apple-mobile-web-app-capable" content="yes"> is deprecated. Please include <meta name="mobile-web-app-capable" content="yes"> @ http://localhost:3000/login:0
[54279116ms] [ERROR] Failed to load resource: the server responded with a status of 401 (Unauthorized) @ http://localhost:3000/api/auth/me:0
[54279130ms] [WARNING] Error while trying to use the following icon from the Manifest: http://localhost:3000/icons/icon-192.png (Resource size is not correct - typo in the Manifest?) @ http://localhost:3000/login:0
[64486974ms] [INFO] %cDownload the React DevTools for a better development experience: https://reactjs.org/link/react-devtools font-weight:bold @ http://localhost:3000/@fs/Users/jonathanzhang/Desktop/CodeStart/CodeStart/node_modules/.vite/deps/chunk-LPF6KSF2.js?v=d3fac6af:21608
[64487001ms] [WARNING] <meta name="apple-mobile-web-app-capable" content="yes"> is deprecated. Please include <meta name="mobile-web-app-capable" content="yes"> @ http://localhost:3000/login:0
[64487009ms] [ERROR] Failed to load resource: the server responded with a status of 401 (Unauthorized) @ http://localhost:3000/api/auth/me:0
[64487016ms] [WARNING] Error while trying to use the following icon from the Manifest: http://localhost:3000/icons/icon-192.png (Resource size is not correct - typo in the Manifest?) @ http://localhost:3000/login:0
[70113628ms] [LOG] [vite] server connection lost. Polling for restart... @ http://localhost:3000/@vite/client:864
[70114047ms] [INFO] %cDownload the React DevTools for a better development experience: https://reactjs.org/link/react-devtools font-weight:bold @ http://localhost:3000/@fs/Users/jonathanzhang/Desktop/CodeStart/CodeStart/node_modules/.vite/deps/chunk-LPF6KSF2.js?v=d3fac6af:21608
[70114069ms] [WARNING] <meta name="apple-mobile-web-app-capable" content="yes"> is deprecated. Please include <meta name="mobile-web-app-capable" content="yes"> @ http://localhost:3000/login:0
[70114071ms] [ERROR] Failed to load resource: the server responded with a status of 401 (Unauthorized) @ http://localhost:3000/api/auth/me:0
[70114073ms] [WARNING] Error while trying to use the following icon from the Manifest: http://localhost:3000/icons/icon-192.png (Resource size is not correct - typo in the Manifest?) @ http://localhost:3000/login:0
[70465696ms] [LOG] [vite] server connection lost. Polling for restart... @ http://localhost:3000/@vite/client:864
[70466025ms] [INFO] %cDownload the React DevTools for a better development experience: https://reactjs.org/link/react-devtools font-weight:bold @ http://localhost:3000/@fs/Users/jonathanzhang/Desktop/CodeStart/CodeStart/node_modules/.vite/deps/chunk-LPF6KSF2.js?v=d3fac6af:21608
[70466050ms] [WARNING] <meta name="apple-mobile-web-app-capable" content="yes"> is deprecated. Please include <meta name="mobile-web-app-capable" content="yes"> @ http://localhost:3000/login:0
[70466051ms] [ERROR] Failed to load resource: the server responded with a status of 401 (Unauthorized) @ http://localhost:3000/api/auth/me:0
[70466059ms] [WARNING] Error while trying to use the following icon from the Manifest: http://localhost:3000/icons/icon-192.png (Resource size is not correct - typo in the Manifest?) @ http://localhost:3000/login:0
[88828660ms] [INFO] %cDownload the React DevTools for a better development experience: https://reactjs.org/link/react-devtools font-weight:bold @ http://localhost:3000/@fs/Users/jonathanzhang/Desktop/CodeStart/CodeStart/node_modules/.vite/deps/chunk-LPF6KSF2.js?v=d3fac6af:21608
[88828681ms] [WARNING] <meta name="apple-mobile-web-app-capable" content="yes"> is deprecated. Please include <meta name="mobile-web-app-capable" content="yes"> @ http://localhost:3000/login:0
[88828683ms] [ERROR] Failed to load resource: the server responded with a status of 401 (Unauthorized) @ http://localhost:3000/api/auth/me:0
[88828687ms] [WARNING] Error while trying to use the following icon from the Manifest: http://localhost:3000/icons/icon-192.png (Resource size is not correct - typo in the Manifest?) @ http://localhost:3000/login:0
[95811012ms] [LOG] [vite] server connection lost. Polling for restart... @ http://localhost:3000/@vite/client:864
[95811545ms] [INFO] %cDownload the React DevTools for a better development experience: https://reactjs.org/link/react-devtools font-weight:bold @ http://localhost:3000/@fs/Users/jonathanzhang/Desktop/CodeStart/CodeStart/node_modules/.vite/deps/chunk-LPF6KSF2.js?v=d3fac6af:21608
[95811567ms] [WARNING] <meta name="apple-mobile-web-app-capable" content="yes"> is deprecated. Please include <meta name="mobile-web-app-capable" content="yes"> @ http://localhost:3000/login:0
[95811573ms] [ERROR] Failed to load resource: the server responded with a status of 401 (Unauthorized) @ http://localhost:3000/api/auth/me:0
[95811582ms] [WARNING] Error while trying to use the following icon from the Manifest: http://localhost:3000/icons/icon-192.png (Resource size is not correct - typo in the Manifest?) @ http://localhost:3000/login:0
[128571584ms] [LOG] [vite] server connection lost. Polling for restart... @ http://localhost:3000/@vite/client:864
[128578994ms] [INFO] %cDownload the React DevTools for a better development experience: https://reactjs.org/link/react-devtools font-weight:bold @ http://localhost:3000/@fs/Users/jonathanzhang/Desktop/CodeStart/CodeStart/node_modules/.vite/deps/chunk-LPF6KSF2.js?v=a66e686d:21608
[128579030ms] [WARNING] <meta name="apple-mobile-web-app-capable" content="yes"> is deprecated. Please include <meta name="mobile-web-app-capable" content="yes"> @ http://localhost:3000/login:0
[128579039ms] [ERROR] Failed to load resource: the server responded with a status of 401 (Unauthorized) @ http://localhost:3000/api/auth/me:0
[128579047ms] [WARNING] Error while trying to use the following icon from the Manifest: http://localhost:3000/icons/icon-192.png (Resource size is not correct - typo in the Manifest?) @ http://localhost:3000/login:0
