[    3170ms] Error: Minified React error #418; visit https://react.dev/errors/418?args[]=HTML&args[]= for the full message or use the non-minified dev environment for full errors and additional helpful warnings.
    at rK (https://v0.app/chat-static/_next/static/chunks/2e7s32resl_hp.js?dpl=dpl_DHEMCqjS32aQANh2PCxPwE4BUKCV:1:421734)
    at iu (https://v0.app/chat-static/_next/static/chunks/2e7s32resl_hp.js?dpl=dpl_DHEMCqjS32aQANh2PCxPwE4BUKCV:1:472794)
    at sf (https://v0.app/chat-static/_next/static/chunks/2e7s32resl_hp.js?dpl=dpl_DHEMCqjS32aQANh2PCxPwE4BUKCV:1:513484)
    at https://v0.app/chat-static/_next/static/chunks/2e7s32resl_hp.js?dpl=dpl_DHEMCqjS32aQANh2PCxPwE4BUKCV:1:513329
    at sd (https://v0.app/chat-static/_next/static/chunks/2e7s32resl_hp.js?dpl=dpl_DHEMCqjS32aQANh2PCxPwE4BUKCV:1:513337)
    at se (https://v0.app/chat-static/_next/static/chunks/2e7s32resl_hp.js?dpl=dpl_DHEMCqjS32aQANh2PCxPwE4BUKCV:1:508477)
    at s$ (https://v0.app/chat-static/_next/static/chunks/2e7s32resl_hp.js?dpl=dpl_DHEMCqjS32aQANh2PCxPwE4BUKCV:1:535168)
    at sH (https://v0.app/chat-static/_next/static/chunks/2e7s32resl_hp.js?dpl=dpl_DHEMCqjS32aQANh2PCxPwE4BUKCV:1:533382)
    at sS (https://v0.app/chat-static/_next/static/chunks/2e7s32resl_hp.js?dpl=dpl_DHEMCqjS32aQANh2PCxPwE4BUKCV:1:531026)
    at https://v0.app/chat-static/_next/static/chunks/2e7s32resl_hp.js?dpl=dpl_DHEMCqjS32aQANh2PCxPwE4BUKCV:1:528442
    at sy (https://v0.app/chat-static/_next/static/chunks/2e7s32resl_hp.js?dpl=dpl_DHEMCqjS32aQANh2PCxPwE4BUKCV:1:528448)
    at st (https://v0.app/chat-static/_next/static/chunks/2e7s32resl_hp.js?dpl=dpl_DHEMCqjS32aQANh2PCxPwE4BUKCV:1:511599)
    at se (https://v0.app/chat-static/_next/static/chunks/2e7s32resl_hp.js?dpl=dpl_DHEMCqjS32aQANh2PCxPwE4BUKCV:1:509835)
    at sV (https://v0.app/chat-static/_next/static/chunks/2e7s32resl_hp.js?dpl=dpl_DHEMCqjS32aQANh2PCxPwE4BUKCV:1:535047)
    at MessagePort.z (https://v0.app/chat-static/_next/static/chunks/2e7s32resl_hp.js?dpl=dpl_DHEMCqjS32aQANh2PCxPwE4BUKCV:1:1648)
[    3213ms] [ERROR] Failed to load resource: the server responded with a status of 404 () @ https://v0.app/api/auth/login?next=%2F&action=signup&_rsc=l5937:0
[    3213ms] [ERROR] Failed to load resource: the server responded with a status of 404 () @ https://v0.app/api/auth/login?next=%2F&_rsc=l5937:0
[    5678ms] [ERROR] Failed to load resource: the server responded with a status of 404 () @ https://v0.app/api/auth/login?_rsc=l5937:0
[    8679ms] [WARNING] The resource https://v0.app/chat-static/_next/static/chunks/0zq-35ze7ld2l.css?dpl=dpl_DHEMCqjS32aQANh2PCxPwE4BUKCV was preloaded using link preload but not used within a few seconds from the window's load event. Please make sure it has an appropriate `as` value and it is preloaded intentionally. @ https://v0.app/:0
[    8679ms] [WARNING] The resource https://v0.app/chat-static/_next/static/chunks/3a-7erfoh4pb9.css?dpl=dpl_DHEMCqjS32aQANh2PCxPwE4BUKCV was preloaded using link preload but not used within a few seconds from the window's load event. Please make sure it has an appropriate `as` value and it is preloaded intentionally. @ https://v0.app/:0
[    8679ms] [WARNING] The resource https://v0.app/chat-static/_next/static/chunks/2zvpt-a8mxxcg.css?dpl=dpl_DHEMCqjS32aQANh2PCxPwE4BUKCV was preloaded using link preload but not used within a few seconds from the window's load event. Please make sure it has an appropriate `as` value and it is preloaded intentionally. @ https://v0.app/:0
[    8679ms] [WARNING] The resource https://v0.app/chat-static/_next/static/chunks/3rnpfxfwa43b_.css?dpl=dpl_DHEMCqjS32aQANh2PCxPwE4BUKCV was preloaded using link preload but not used within a few seconds from the window's load event. Please make sure it has an appropriate `as` value and it is preloaded intentionally. @ https://v0.app/:0
[    8679ms] [WARNING] The resource https://v0.app/chat-static/_next/static/chunks/3djb77r3_nzta.css?dpl=dpl_DHEMCqjS32aQANh2PCxPwE4BUKCV was preloaded using link preload but not used within a few seconds from the window's load event. Please make sure it has an appropriate `as` value and it is preloaded intentionally. @ https://v0.app/:0
[    8679ms] [WARNING] The resource https://v0.app/chat-static/_next/static/chunks/1-_6znswl1coi.css?dpl=dpl_DHEMCqjS32aQANh2PCxPwE4BUKCV was preloaded using link preload but not used within a few seconds from the window's load event. Please make sure it has an appropriate `as` value and it is preloaded intentionally. @ https://v0.app/:0
[   18564ms] [WARNING] The resource https://v0.app/chat-static/_next/static/chunks/0zq-35ze7ld2l.css?dpl=dpl_DHEMCqjS32aQANh2PCxPwE4BUKCV was preloaded using link preload but not used within a few seconds from the window's load event. Please make sure it has an appropriate `as` value and it is preloaded intentionally. @ https://v0.app/:0
[   18564ms] [WARNING] The resource https://v0.app/chat-static/_next/static/chunks/3a-7erfoh4pb9.css?dpl=dpl_DHEMCqjS32aQANh2PCxPwE4BUKCV was preloaded using link preload but not used within a few seconds from the window's load event. Please make sure it has an appropriate `as` value and it is preloaded intentionally. @ https://v0.app/:0
[   18564ms] [WARNING] The resource https://v0.app/chat-static/_next/static/chunks/2zvpt-a8mxxcg.css?dpl=dpl_DHEMCqjS32aQANh2PCxPwE4BUKCV was preloaded using link preload but not used within a few seconds from the window's load event. Please make sure it has an appropriate `as` value and it is preloaded intentionally. @ https://v0.app/:0
[   18565ms] [WARNING] The resource https://v0.app/chat-static/_next/static/chunks/3rnpfxfwa43b_.css?dpl=dpl_DHEMCqjS32aQANh2PCxPwE4BUKCV was preloaded using link preload but not used within a few seconds from the window's load event. Please make sure it has an appropriate `as` value and it is preloaded intentionally. @ https://v0.app/:0
[   18565ms] [WARNING] The resource https://v0.app/chat-static/_next/static/chunks/3djb77r3_nzta.css?dpl=dpl_DHEMCqjS32aQANh2PCxPwE4BUKCV was preloaded using link preload but not used within a few seconds from the window's load event. Please make sure it has an appropriate `as` value and it is preloaded intentionally. @ https://v0.app/:0
[   18565ms] [WARNING] The resource https://v0.app/chat-static/_next/static/chunks/1-_6znswl1coi.css?dpl=dpl_DHEMCqjS32aQANh2PCxPwE4BUKCV was preloaded using link preload but not used within a few seconds from the window's load event. Please make sure it has an appropriate `as` value and it is preloaded intentionally. @ https://v0.app/:0
