[    4061ms] [LOG] 
⠀⠀#######
 ##########
#############
##############
##############
###################
#####################
#######################
#######################
#######################
######################
###################

%cWe're hiring!

%chttps://lovable.dev/careers color: #FFFFFF; font-weight: 900; font-size: 18px; text-shadow: 1px 1px 2px black; color: blue; font-size: 16px; @ https://lovable.dev/_next/static/chunks/ded59084f3dc2953.js?dpl=016cf21b42cc9e85b272d4122c9e52fe:10
[    7564ms] [LOG] Initializing RudderStack Analytics @ https://lovable.dev/_next/static/chunks/ded59084f3dc2953.js?dpl=016cf21b42cc9e85b272d4122c9e52fe:10
[    9481ms] [WARNING] Failed parsing 'srcset' attribute value since it has an unknown descriptor. @ https://lovable.dev/_next/static/chunks/ded59084f3dc2953.js?dpl=016cf21b42cc9e85b272d4122c9e52fe:22
[    9481ms] [WARNING] Dropped srcset candidate "https://lovable.dev/cdn-cgi/image/width=52,f=auto,fit=scale-down/https://storage.googleapis.com/gpt-engineer-file-uploads/UTlQnbzsMUe5xVCQW6aDkhtQUxs2/Screenshot" @ https://lovable.dev/_next/static/chunks/ded59084f3dc2953.js?dpl=016cf21b42cc9e85b272d4122c9e52fe:22
[    9482ms] [WARNING] Failed parsing 'srcset' attribute value since it has an unknown descriptor. @ https://lovable.dev/_next/static/chunks/ded59084f3dc2953.js?dpl=016cf21b42cc9e85b272d4122c9e52fe:22
[    9482ms] [WARNING] Dropped srcset candidate "https://lovable.dev/cdn-cgi/image/width=104,f=auto,fit=scale-down/https://storage.googleapis.com/gpt-engineer-file-uploads/UTlQnbzsMUe5xVCQW6aDkhtQUxs2/Screenshot" @ https://lovable.dev/_next/static/chunks/ded59084f3dc2953.js?dpl=016cf21b42cc9e85b272d4122c9e52fe:22
[    9482ms] [WARNING] Failed parsing 'srcset' attribute value since it has an unknown descriptor. @ https://lovable.dev/_next/static/chunks/ded59084f3dc2953.js?dpl=016cf21b42cc9e85b272d4122c9e52fe:22
[    9482ms] [WARNING] Dropped srcset candidate "https://lovable.dev/cdn-cgi/image/width=52,f=auto,fit=scale-down/https://storage.googleapis.com/gpt-engineer-file-uploads/UTlQnbzsMUe5xVCQW6aDkhtQUxs2/Screenshot" @ https://lovable.dev/_next/static/chunks/ded59084f3dc2953.js?dpl=016cf21b42cc9e85b272d4122c9e52fe:22
[    9482ms] [WARNING] Failed parsing 'srcset' attribute value since it has an unknown descriptor. @ https://lovable.dev/_next/static/chunks/ded59084f3dc2953.js?dpl=016cf21b42cc9e85b272d4122c9e52fe:22
[    9482ms] [WARNING] Dropped srcset candidate "https://lovable.dev/cdn-cgi/image/width=104,f=auto,fit=scale-down/https://storage.googleapis.com/gpt-engineer-file-uploads/UTlQnbzsMUe5xVCQW6aDkhtQUxs2/Screenshot" @ https://lovable.dev/_next/static/chunks/ded59084f3dc2953.js?dpl=016cf21b42cc9e85b272d4122c9e52fe:22
[    9482ms] [WARNING] Failed parsing 'srcset' attribute value since it has an unknown descriptor. @ https://lovable.dev/_next/static/chunks/ded59084f3dc2953.js?dpl=016cf21b42cc9e85b272d4122c9e52fe:22
[    9482ms] [WARNING] Dropped srcset candidate "https://lovable.dev/cdn-cgi/image/width=640,f=auto,fit=scale-down/https://storage.googleapis.com/gpt-engineer-file-uploads/ALj9BEIeZMXsfYd3hqMd972rzls2/Heading" @ https://lovable.dev/_next/static/chunks/ded59084f3dc2953.js?dpl=016cf21b42cc9e85b272d4122c9e52fe:22
[    9482ms] [WARNING] Failed parsing 'srcset' attribute value since it has an unknown descriptor. @ https://lovable.dev/_next/static/chunks/ded59084f3dc2953.js?dpl=016cf21b42cc9e85b272d4122c9e52fe:22
[    9482ms] [WARNING] Dropped srcset candidate "https://lovable.dev/cdn-cgi/image/width=750,f=auto,fit=scale-down/https://storage.googleapis.com/gpt-engineer-file-uploads/ALj9BEIeZMXsfYd3hqMd972rzls2/Heading" @ https://lovable.dev/_next/static/chunks/ded59084f3dc2953.js?dpl=016cf21b42cc9e85b272d4122c9e52fe:22
[    9482ms] [WARNING] Failed parsing 'srcset' attribute value since it has an unknown descriptor. @ https://lovable.dev/_next/static/chunks/ded59084f3dc2953.js?dpl=016cf21b42cc9e85b272d4122c9e52fe:22
[    9482ms] [WARNING] Dropped srcset candidate "https://lovable.dev/cdn-cgi/image/width=828,f=auto,fit=scale-down/https://storage.googleapis.com/gpt-engineer-file-uploads/ALj9BEIeZMXsfYd3hqMd972rzls2/Heading" @ https://lovable.dev/_next/static/chunks/ded59084f3dc2953.js?dpl=016cf21b42cc9e85b272d4122c9e52fe:22
[    9482ms] [WARNING] Failed parsing 'srcset' attribute value since it has an unknown descriptor. @ https://lovable.dev/_next/static/chunks/ded59084f3dc2953.js?dpl=016cf21b42cc9e85b272d4122c9e52fe:22
[    9482ms] [WARNING] Dropped srcset candidate "https://lovable.dev/cdn-cgi/image/width=1080,f=auto,fit=scale-down/https://storage.googleapis.com/gpt-engineer-file-uploads/ALj9BEIeZMXsfYd3hqMd972rzls2/Heading" @ https://lovable.dev/_next/static/chunks/ded59084f3dc2953.js?dpl=016cf21b42cc9e85b272d4122c9e52fe:22
[    9482ms] [WARNING] Failed parsing 'srcset' attribute value since it has an unknown descriptor. @ https://lovable.dev/_next/static/chunks/ded59084f3dc2953.js?dpl=016cf21b42cc9e85b272d4122c9e52fe:22
[    9482ms] [WARNING] Dropped srcset candidate "https://lovable.dev/cdn-cgi/image/width=1200,f=auto,fit=scale-down/https://storage.googleapis.com/gpt-engineer-file-uploads/ALj9BEIeZMXsfYd3hqMd972rzls2/Heading" @ https://lovable.dev/_next/static/chunks/ded59084f3dc2953.js?dpl=016cf21b42cc9e85b272d4122c9e52fe:22
[    9482ms] [WARNING] Failed parsing 'srcset' attribute value since it has an unknown descriptor. @ https://lovable.dev/_next/static/chunks/ded59084f3dc2953.js?dpl=016cf21b42cc9e85b272d4122c9e52fe:22
[    9482ms] [WARNING] Dropped srcset candidate "https://lovable.dev/cdn-cgi/image/width=1920,f=auto,fit=scale-down/https://storage.googleapis.com/gpt-engineer-file-uploads/ALj9BEIeZMXsfYd3hqMd972rzls2/Heading" @ https://lovable.dev/_next/static/chunks/ded59084f3dc2953.js?dpl=016cf21b42cc9e85b272d4122c9e52fe:22
[    9482ms] [WARNING] Failed parsing 'srcset' attribute value since it has an unknown descriptor. @ https://lovable.dev/_next/static/chunks/ded59084f3dc2953.js?dpl=016cf21b42cc9e85b272d4122c9e52fe:22
[    9482ms] [WARNING] Dropped srcset candidate "https://lovable.dev/cdn-cgi/image/width=2048,f=auto,fit=scale-down/https://storage.googleapis.com/gpt-engineer-file-uploads/ALj9BEIeZMXsfYd3hqMd972rzls2/Heading" @ https://lovable.dev/_next/static/chunks/ded59084f3dc2953.js?dpl=016cf21b42cc9e85b272d4122c9e52fe:22
[    9482ms] [WARNING] Failed parsing 'srcset' attribute value since it has an unknown descriptor. @ https://lovable.dev/_next/static/chunks/ded59084f3dc2953.js?dpl=016cf21b42cc9e85b272d4122c9e52fe:22
[    9482ms] [WARNING] Dropped srcset candidate "https://lovable.dev/cdn-cgi/image/width=3840,f=auto,fit=scale-down/https://storage.googleapis.com/gpt-engineer-file-uploads/ALj9BEIeZMXsfYd3hqMd972rzls2/Heading" @ https://lovable.dev/_next/static/chunks/ded59084f3dc2953.js?dpl=016cf21b42cc9e85b272d4122c9e52fe:22
[    9482ms] [WARNING] Failed parsing 'srcset' attribute value since it has an unknown descriptor. @ https://lovable.dev/_next/static/chunks/ded59084f3dc2953.js?dpl=016cf21b42cc9e85b272d4122c9e52fe:22
[    9482ms] [WARNING] Dropped srcset candidate "https://lovable.dev/cdn-cgi/image/width=640,f=auto,fit=scale-down/https://storage.googleapis.com/gpt-engineer-file-uploads/ALj9BEIeZMXsfYd3hqMd972rzls2/Heading" @ https://lovable.dev/_next/static/chunks/ded59084f3dc2953.js?dpl=016cf21b42cc9e85b272d4122c9e52fe:22
[    9482ms] [WARNING] Failed parsing 'srcset' attribute value since it has an unknown descriptor. @ https://lovable.dev/_next/static/chunks/ded59084f3dc2953.js?dpl=016cf21b42cc9e85b272d4122c9e52fe:22
[    9482ms] [WARNING] Dropped srcset candidate "https://lovable.dev/cdn-cgi/image/width=750,f=auto,fit=scale-down/https://storage.googleapis.com/gpt-engineer-file-uploads/ALj9BEIeZMXsfYd3hqMd972rzls2/Heading" @ https://lovable.dev/_next/static/chunks/ded59084f3dc2953.js?dpl=016cf21b42cc9e85b272d4122c9e52fe:22
[    9482ms] [WARNING] Failed parsing 'srcset' attribute value since it has an unknown descriptor. @ https://lovable.dev/_next/static/chunks/ded59084f3dc2953.js?dpl=016cf21b42cc9e85b272d4122c9e52fe:22
[    9482ms] [WARNING] Dropped srcset candidate "https://lovable.dev/cdn-cgi/image/width=828,f=auto,fit=scale-down/https://storage.googleapis.com/gpt-engineer-file-uploads/ALj9BEIeZMXsfYd3hqMd972rzls2/Heading" @ https://lovable.dev/_next/static/chunks/ded59084f3dc2953.js?dpl=016cf21b42cc9e85b272d4122c9e52fe:22
[    9482ms] [WARNING] Failed parsing 'srcset' attribute value since it has an unknown descriptor. @ https://lovable.dev/_next/static/chunks/ded59084f3dc2953.js?dpl=016cf21b42cc9e85b272d4122c9e52fe:22
[    9482ms] [WARNING] Dropped srcset candidate "https://lovable.dev/cdn-cgi/image/width=1080,f=auto,fit=scale-down/https://storage.googleapis.com/gpt-engineer-file-uploads/ALj9BEIeZMXsfYd3hqMd972rzls2/Heading" @ https://lovable.dev/_next/static/chunks/ded59084f3dc2953.js?dpl=016cf21b42cc9e85b272d4122c9e52fe:22
[    9483ms] [WARNING] Failed parsing 'srcset' attribute value since it has an unknown descriptor. @ https://lovable.dev/_next/static/chunks/ded59084f3dc2953.js?dpl=016cf21b42cc9e85b272d4122c9e52fe:22
[    9483ms] [WARNING] Dropped srcset candidate "https://lovable.dev/cdn-cgi/image/width=1200,f=auto,fit=scale-down/https://storage.googleapis.com/gpt-engineer-file-uploads/ALj9BEIeZMXsfYd3hqMd972rzls2/Heading" @ https://lovable.dev/_next/static/chunks/ded59084f3dc2953.js?dpl=016cf21b42cc9e85b272d4122c9e52fe:22
[    9483ms] [WARNING] Failed parsing 'srcset' attribute value since it has an unknown descriptor. @ https://lovable.dev/_next/static/chunks/ded59084f3dc2953.js?dpl=016cf21b42cc9e85b272d4122c9e52fe:22
[    9483ms] [WARNING] Dropped srcset candidate "https://lovable.dev/cdn-cgi/image/width=1920,f=auto,fit=scale-down/https://storage.googleapis.com/gpt-engineer-file-uploads/ALj9BEIeZMXsfYd3hqMd972rzls2/Heading" @ https://lovable.dev/_next/static/chunks/ded59084f3dc2953.js?dpl=016cf21b42cc9e85b272d4122c9e52fe:22
[    9483ms] [WARNING] Failed parsing 'srcset' attribute value since it has an unknown descriptor. @ https://lovable.dev/_next/static/chunks/ded59084f3dc2953.js?dpl=016cf21b42cc9e85b272d4122c9e52fe:22
[    9483ms] [WARNING] Dropped srcset candidate "https://lovable.dev/cdn-cgi/image/width=2048,f=auto,fit=scale-down/https://storage.googleapis.com/gpt-engineer-file-uploads/ALj9BEIeZMXsfYd3hqMd972rzls2/Heading" @ https://lovable.dev/_next/static/chunks/ded59084f3dc2953.js?dpl=016cf21b42cc9e85b272d4122c9e52fe:22
[    9483ms] [WARNING] Failed parsing 'srcset' attribute value since it has an unknown descriptor. @ https://lovable.dev/_next/static/chunks/ded59084f3dc2953.js?dpl=016cf21b42cc9e85b272d4122c9e52fe:22
[    9483ms] [WARNING] Dropped srcset candidate "https://lovable.dev/cdn-cgi/image/width=3840,f=auto,fit=scale-down/https://storage.googleapis.com/gpt-engineer-file-uploads/ALj9BEIeZMXsfYd3hqMd972rzls2/Heading" @ https://lovable.dev/_next/static/chunks/ded59084f3dc2953.js?dpl=016cf21b42cc9e85b272d4122c9e52fe:22
[    9483ms] [WARNING] Failed parsing 'srcset' attribute value since it has an unknown descriptor. @ https://lovable.dev/_next/static/chunks/ded59084f3dc2953.js?dpl=016cf21b42cc9e85b272d4122c9e52fe:22
[    9483ms] [WARNING] Dropped srcset candidate "https://lovable.dev/cdn-cgi/image/width=52,f=auto,fit=scale-down/https://storage.googleapis.com/gpt-engineer-file-uploads/ALj9BEIeZMXsfYd3hqMd972rzls2/Attendflow" @ https://lovable.dev/_next/static/chunks/ded59084f3dc2953.js?dpl=016cf21b42cc9e85b272d4122c9e52fe:22
[    9483ms] [WARNING] Failed parsing 'srcset' attribute value since it has an unknown descriptor. @ https://lovable.dev/_next/static/chunks/ded59084f3dc2953.js?dpl=016cf21b42cc9e85b272d4122c9e52fe:22
[    9483ms] [WARNING] Dropped srcset candidate "https://lovable.dev/cdn-cgi/image/width=104,f=auto,fit=scale-down/https://storage.googleapis.com/gpt-engineer-file-uploads/ALj9BEIeZMXsfYd3hqMd972rzls2/Attendflow" @ https://lovable.dev/_next/static/chunks/ded59084f3dc2953.js?dpl=016cf21b42cc9e85b272d4122c9e52fe:22
[    9483ms] [WARNING] Failed parsing 'srcset' attribute value since it has an unknown descriptor. @ https://lovable.dev/_next/static/chunks/ded59084f3dc2953.js?dpl=016cf21b42cc9e85b272d4122c9e52fe:22
[    9483ms] [WARNING] Dropped srcset candidate "https://lovable.dev/cdn-cgi/image/width=52,f=auto,fit=scale-down/https://storage.googleapis.com/gpt-engineer-file-uploads/ALj9BEIeZMXsfYd3hqMd972rzls2/Attendflow" @ https://lovable.dev/_next/static/chunks/ded59084f3dc2953.js?dpl=016cf21b42cc9e85b272d4122c9e52fe:22
[    9483ms] [WARNING] Failed parsing 'srcset' attribute value since it has an unknown descriptor. @ https://lovable.dev/_next/static/chunks/ded59084f3dc2953.js?dpl=016cf21b42cc9e85b272d4122c9e52fe:22
[    9483ms] [WARNING] Dropped srcset candidate "https://lovable.dev/cdn-cgi/image/width=104,f=auto,fit=scale-down/https://storage.googleapis.com/gpt-engineer-file-uploads/ALj9BEIeZMXsfYd3hqMd972rzls2/Attendflow" @ https://lovable.dev/_next/static/chunks/ded59084f3dc2953.js?dpl=016cf21b42cc9e85b272d4122c9e52fe:22
[    9483ms] [WARNING] Failed parsing 'srcset' attribute value since it has an unknown descriptor. @ https://lovable.dev/_next/static/chunks/ded59084f3dc2953.js?dpl=016cf21b42cc9e85b272d4122c9e52fe:22
[    9483ms] [WARNING] Dropped srcset candidate "https://lovable.dev/cdn-cgi/image/width=640,f=auto,fit=scale-down/https://storage.googleapis.com/gpt-engineer-file-uploads/UTlQnbzsMUe5xVCQW6aDkhtQUxs2/Screenshot" @ https://lovable.dev/_next/static/chunks/ded59084f3dc2953.js?dpl=016cf21b42cc9e85b272d4122c9e52fe:22
[    9483ms] [WARNING] Failed parsing 'srcset' attribute value since it has an unknown descriptor. @ https://lovable.dev/_next/static/chunks/ded59084f3dc2953.js?dpl=016cf21b42cc9e85b272d4122c9e52fe:22
[    9483ms] [WARNING] Dropped srcset candidate "https://lovable.dev/cdn-cgi/image/width=750,f=auto,fit=scale-down/https://storage.googleapis.com/gpt-engineer-file-uploads/UTlQnbzsMUe5xVCQW6aDkhtQUxs2/Screenshot" @ https://lovable.dev/_next/static/chunks/ded59084f3dc2953.js?dpl=016cf21b42cc9e85b272d4122c9e52fe:22
[    9483ms] [WARNING] Failed parsing 'srcset' attribute value since it has an unknown descriptor. @ https://lovable.dev/_next/static/chunks/ded59084f3dc2953.js?dpl=016cf21b42cc9e85b272d4122c9e52fe:22
[    9483ms] [WARNING] Dropped srcset candidate "https://lovable.dev/cdn-cgi/image/width=828,f=auto,fit=scale-down/https://storage.googleapis.com/gpt-engineer-file-uploads/UTlQnbzsMUe5xVCQW6aDkhtQUxs2/Screenshot" @ https://lovable.dev/_next/static/chunks/ded59084f3dc2953.js?dpl=016cf21b42cc9e85b272d4122c9e52fe:22
[    9483ms] [WARNING] Failed parsing 'srcset' attribute value since it has an unknown descriptor. @ https://lovable.dev/_next/static/chunks/ded59084f3dc2953.js?dpl=016cf21b42cc9e85b272d4122c9e52fe:22
[    9483ms] [WARNING] Dropped srcset candidate "https://lovable.dev/cdn-cgi/image/width=1080,f=auto,fit=scale-down/https://storage.googleapis.com/gpt-engineer-file-uploads/UTlQnbzsMUe5xVCQW6aDkhtQUxs2/Screenshot" @ https://lovable.dev/_next/static/chunks/ded59084f3dc2953.js?dpl=016cf21b42cc9e85b272d4122c9e52fe:22
[    9483ms] [WARNING] Failed parsing 'srcset' attribute value since it has an unknown descriptor. @ https://lovable.dev/_next/static/chunks/ded59084f3dc2953.js?dpl=016cf21b42cc9e85b272d4122c9e52fe:22
[    9483ms] [WARNING] Dropped srcset candidate "https://lovable.dev/cdn-cgi/image/width=1200,f=auto,fit=scale-down/https://storage.googleapis.com/gpt-engineer-file-uploads/UTlQnbzsMUe5xVCQW6aDkhtQUxs2/Screenshot" @ https://lovable.dev/_next/static/chunks/ded59084f3dc2953.js?dpl=016cf21b42cc9e85b272d4122c9e52fe:22
[    9483ms] [WARNING] Failed parsing 'srcset' attribute value since it has an unknown descriptor. @ https://lovable.dev/_next/static/chunks/ded59084f3dc2953.js?dpl=016cf21b42cc9e85b272d4122c9e52fe:22
[    9483ms] [WARNING] Dropped srcset candidate "https://lovable.dev/cdn-cgi/image/width=1920,f=auto,fit=scale-down/https://storage.googleapis.com/gpt-engineer-file-uploads/UTlQnbzsMUe5xVCQW6aDkhtQUxs2/Screenshot" @ https://lovable.dev/_next/static/chunks/ded59084f3dc2953.js?dpl=016cf21b42cc9e85b272d4122c9e52fe:22
[    9483ms] [WARNING] Failed parsing 'srcset' attribute value since it has an unknown descriptor. @ https://lovable.dev/_next/static/chunks/ded59084f3dc2953.js?dpl=016cf21b42cc9e85b272d4122c9e52fe:22
[    9484ms] [WARNING] Dropped srcset candidate "https://lovable.dev/cdn-cgi/image/width=2048,f=auto,fit=scale-down/https://storage.googleapis.com/gpt-engineer-file-uploads/UTlQnbzsMUe5xVCQW6aDkhtQUxs2/Screenshot" @ https://lovable.dev/_next/static/chunks/ded59084f3dc2953.js?dpl=016cf21b42cc9e85b272d4122c9e52fe:22
[    9484ms] [WARNING] Failed parsing 'srcset' attribute value since it has an unknown descriptor. @ https://lovable.dev/_next/static/chunks/ded59084f3dc2953.js?dpl=016cf21b42cc9e85b272d4122c9e52fe:22
[    9484ms] [WARNING] Dropped srcset candidate "https://lovable.dev/cdn-cgi/image/width=3840,f=auto,fit=scale-down/https://storage.googleapis.com/gpt-engineer-file-uploads/UTlQnbzsMUe5xVCQW6aDkhtQUxs2/Screenshot" @ https://lovable.dev/_next/static/chunks/ded59084f3dc2953.js?dpl=016cf21b42cc9e85b272d4122c9e52fe:22
[    9484ms] [WARNING] Failed parsing 'srcset' attribute value since it has an unknown descriptor. @ https://lovable.dev/_next/static/chunks/ded59084f3dc2953.js?dpl=016cf21b42cc9e85b272d4122c9e52fe:22
[    9484ms] [WARNING] Dropped srcset candidate "https://lovable.dev/cdn-cgi/image/width=640,f=auto,fit=scale-down/https://storage.googleapis.com/gpt-engineer-file-uploads/UTlQnbzsMUe5xVCQW6aDkhtQUxs2/Screenshot" @ https://lovable.dev/_next/static/chunks/ded59084f3dc2953.js?dpl=016cf21b42cc9e85b272d4122c9e52fe:22
[    9484ms] [WARNING] Failed parsing 'srcset' attribute value since it has an unknown descriptor. @ https://lovable.dev/_next/static/chunks/ded59084f3dc2953.js?dpl=016cf21b42cc9e85b272d4122c9e52fe:22
[    9484ms] [WARNING] Dropped srcset candidate "https://lovable.dev/cdn-cgi/image/width=750,f=auto,fit=scale-down/https://storage.googleapis.com/gpt-engineer-file-uploads/UTlQnbzsMUe5xVCQW6aDkhtQUxs2/Screenshot" @ https://lovable.dev/_next/static/chunks/ded59084f3dc2953.js?dpl=016cf21b42cc9e85b272d4122c9e52fe:22
[    9484ms] [WARNING] Failed parsing 'srcset' attribute value since it has an unknown descriptor. @ https://lovable.dev/_next/static/chunks/ded59084f3dc2953.js?dpl=016cf21b42cc9e85b272d4122c9e52fe:22
[    9484ms] [WARNING] Dropped srcset candidate "https://lovable.dev/cdn-cgi/image/width=828,f=auto,fit=scale-down/https://storage.googleapis.com/gpt-engineer-file-uploads/UTlQnbzsMUe5xVCQW6aDkhtQUxs2/Screenshot" @ https://lovable.dev/_next/static/chunks/ded59084f3dc2953.js?dpl=016cf21b42cc9e85b272d4122c9e52fe:22
[    9484ms] [WARNING] Failed parsing 'srcset' attribute value since it has an unknown descriptor. @ https://lovable.dev/_next/static/chunks/ded59084f3dc2953.js?dpl=016cf21b42cc9e85b272d4122c9e52fe:22
[    9484ms] [WARNING] Dropped srcset candidate "https://lovable.dev/cdn-cgi/image/width=1080,f=auto,fit=scale-down/https://storage.googleapis.com/gpt-engineer-file-uploads/UTlQnbzsMUe5xVCQW6aDkhtQUxs2/Screenshot" @ https://lovable.dev/_next/static/chunks/ded59084f3dc2953.js?dpl=016cf21b42cc9e85b272d4122c9e52fe:22
[    9484ms] [WARNING] Failed parsing 'srcset' attribute value since it has an unknown descriptor. @ https://lovable.dev/_next/static/chunks/ded59084f3dc2953.js?dpl=016cf21b42cc9e85b272d4122c9e52fe:22
[    9484ms] [WARNING] Dropped srcset candidate "https://lovable.dev/cdn-cgi/image/width=1200,f=auto,fit=scale-down/https://storage.googleapis.com/gpt-engineer-file-uploads/UTlQnbzsMUe5xVCQW6aDkhtQUxs2/Screenshot" @ https://lovable.dev/_next/static/chunks/ded59084f3dc2953.js?dpl=016cf21b42cc9e85b272d4122c9e52fe:22
[    9484ms] [WARNING] Failed parsing 'srcset' attribute value since it has an unknown descriptor. @ https://lovable.dev/_next/static/chunks/ded59084f3dc2953.js?dpl=016cf21b42cc9e85b272d4122c9e52fe:22
[    9484ms] [WARNING] Dropped srcset candidate "https://lovable.dev/cdn-cgi/image/width=1920,f=auto,fit=scale-down/https://storage.googleapis.com/gpt-engineer-file-uploads/UTlQnbzsMUe5xVCQW6aDkhtQUxs2/Screenshot" @ https://lovable.dev/_next/static/chunks/ded59084f3dc2953.js?dpl=016cf21b42cc9e85b272d4122c9e52fe:22
[    9484ms] [WARNING] Failed parsing 'srcset' attribute value since it has an unknown descriptor. @ https://lovable.dev/_next/static/chunks/ded59084f3dc2953.js?dpl=016cf21b42cc9e85b272d4122c9e52fe:22
[    9484ms] [WARNING] Dropped srcset candidate "https://lovable.dev/cdn-cgi/image/width=2048,f=auto,fit=scale-down/https://storage.googleapis.com/gpt-engineer-file-uploads/UTlQnbzsMUe5xVCQW6aDkhtQUxs2/Screenshot" @ https://lovable.dev/_next/static/chunks/ded59084f3dc2953.js?dpl=016cf21b42cc9e85b272d4122c9e52fe:22
[    9484ms] [WARNING] Failed parsing 'srcset' attribute value since it has an unknown descriptor. @ https://lovable.dev/_next/static/chunks/ded59084f3dc2953.js?dpl=016cf21b42cc9e85b272d4122c9e52fe:22
[    9484ms] [WARNING] Dropped srcset candidate "https://lovable.dev/cdn-cgi/image/width=3840,f=auto,fit=scale-down/https://storage.googleapis.com/gpt-engineer-file-uploads/UTlQnbzsMUe5xVCQW6aDkhtQUxs2/Screenshot" @ https://lovable.dev/_next/static/chunks/ded59084f3dc2953.js?dpl=016cf21b42cc9e85b272d4122c9e52fe:22
[    9484ms] [WARNING] Failed parsing 'srcset' attribute value since it has an unknown descriptor. @ https://lovable.dev/_next/static/chunks/ded59084f3dc2953.js?dpl=016cf21b42cc9e85b272d4122c9e52fe:22
[    9484ms] [WARNING] Dropped srcset candidate "https://lovable.dev/cdn-cgi/image/width=52,f=auto,fit=scale-down/https://storage.googleapis.com/gpt-engineer-file-uploads/UTlQnbzsMUe5xVCQW6aDkhtQUxs2/Group" @ https://lovable.dev/_next/static/chunks/ded59084f3dc2953.js?dpl=016cf21b42cc9e85b272d4122c9e52fe:22
[    9484ms] [WARNING] Failed parsing 'srcset' attribute value since it has an unknown descriptor. @ https://lovable.dev/_next/static/chunks/ded59084f3dc2953.js?dpl=016cf21b42cc9e85b272d4122c9e52fe:22
[    9484ms] [WARNING] Dropped srcset candidate "https://lovable.dev/cdn-cgi/image/width=104,f=auto,fit=scale-down/https://storage.googleapis.com/gpt-engineer-file-uploads/UTlQnbzsMUe5xVCQW6aDkhtQUxs2/Group" @ https://lovable.dev/_next/static/chunks/ded59084f3dc2953.js?dpl=016cf21b42cc9e85b272d4122c9e52fe:22
[    9484ms] [WARNING] Failed parsing 'srcset' attribute value since it has an unknown descriptor. @ https://lovable.dev/_next/static/chunks/ded59084f3dc2953.js?dpl=016cf21b42cc9e85b272d4122c9e52fe:22
[    9484ms] [WARNING] Dropped srcset candidate "https://lovable.dev/cdn-cgi/image/width=52,f=auto,fit=scale-down/https://storage.googleapis.com/gpt-engineer-file-uploads/UTlQnbzsMUe5xVCQW6aDkhtQUxs2/Group" @ https://lovable.dev/_next/static/chunks/ded59084f3dc2953.js?dpl=016cf21b42cc9e85b272d4122c9e52fe:22
[    9484ms] [WARNING] Failed parsing 'srcset' attribute value since it has an unknown descriptor. @ https://lovable.dev/_next/static/chunks/ded59084f3dc2953.js?dpl=016cf21b42cc9e85b272d4122c9e52fe:22
[    9484ms] [WARNING] Dropped srcset candidate "https://lovable.dev/cdn-cgi/image/width=104,f=auto,fit=scale-down/https://storage.googleapis.com/gpt-engineer-file-uploads/UTlQnbzsMUe5xVCQW6aDkhtQUxs2/Group" @ https://lovable.dev/_next/static/chunks/ded59084f3dc2953.js?dpl=016cf21b42cc9e85b272d4122c9e52fe:22
[    9484ms] [WARNING] Failed parsing 'srcset' attribute value since it has an unknown descriptor. @ https://lovable.dev/_next/static/chunks/ded59084f3dc2953.js?dpl=016cf21b42cc9e85b272d4122c9e52fe:22
[    9484ms] [WARNING] Dropped srcset candidate "https://lovable.dev/cdn-cgi/image/width=640,f=auto,fit=scale-down/https://storage.googleapis.com/gpt-engineer-file-uploads/lFLQD4G4AdaKMu3Y2t61VEd6c0h2/landing" @ https://lovable.dev/_next/static/chunks/ded59084f3dc2953.js?dpl=016cf21b42cc9e85b272d4122c9e52fe:22
[    9484ms] [WARNING] Failed parsing 'srcset' attribute value since it has an unknown descriptor. @ https://lovable.dev/_next/static/chunks/ded59084f3dc2953.js?dpl=016cf21b42cc9e85b272d4122c9e52fe:22
[    9484ms] [WARNING] Dropped srcset candidate "https://lovable.dev/cdn-cgi/image/width=750,f=auto,fit=scale-down/https://storage.googleapis.com/gpt-engineer-file-uploads/lFLQD4G4AdaKMu3Y2t61VEd6c0h2/landing" @ https://lovable.dev/_next/static/chunks/ded59084f3dc2953.js?dpl=016cf21b42cc9e85b272d4122c9e52fe:22
[    9484ms] [WARNING] Failed parsing 'srcset' attribute value since it has an unknown descriptor. @ https://lovable.dev/_next/static/chunks/ded59084f3dc2953.js?dpl=016cf21b42cc9e85b272d4122c9e52fe:22
[    9485ms] [WARNING] Dropped srcset candidate "https://lovable.dev/cdn-cgi/image/width=828,f=auto,fit=scale-down/https://storage.googleapis.com/gpt-engineer-file-uploads/lFLQD4G4AdaKMu3Y2t61VEd6c0h2/landing" @ https://lovable.dev/_next/static/chunks/ded59084f3dc2953.js?dpl=016cf21b42cc9e85b272d4122c9e52fe:22
[    9485ms] [WARNING] Failed parsing 'srcset' attribute value since it has an unknown descriptor. @ https://lovable.dev/_next/static/chunks/ded59084f3dc2953.js?dpl=016cf21b42cc9e85b272d4122c9e52fe:22
[    9485ms] [WARNING] Dropped srcset candidate "https://lovable.dev/cdn-cgi/image/width=1080,f=auto,fit=scale-down/https://storage.googleapis.com/gpt-engineer-file-uploads/lFLQD4G4AdaKMu3Y2t61VEd6c0h2/landing" @ https://lovable.dev/_next/static/chunks/ded59084f3dc2953.js?dpl=016cf21b42cc9e85b272d4122c9e52fe:22
[    9485ms] [WARNING] Failed parsing 'srcset' attribute value since it has an unknown descriptor. @ https://lovable.dev/_next/static/chunks/ded59084f3dc2953.js?dpl=016cf21b42cc9e85b272d4122c9e52fe:22
[    9485ms] [WARNING] Dropped srcset candidate "https://lovable.dev/cdn-cgi/image/width=1200,f=auto,fit=scale-down/https://storage.googleapis.com/gpt-engineer-file-uploads/lFLQD4G4AdaKMu3Y2t61VEd6c0h2/landing" @ https://lovable.dev/_next/static/chunks/ded59084f3dc2953.js?dpl=016cf21b42cc9e85b272d4122c9e52fe:22
[    9485ms] [WARNING] Failed parsing 'srcset' attribute value since it has an unknown descriptor. @ https://lovable.dev/_next/static/chunks/ded59084f3dc2953.js?dpl=016cf21b42cc9e85b272d4122c9e52fe:22
[    9485ms] [WARNING] Dropped srcset candidate "https://lovable.dev/cdn-cgi/image/width=1920,f=auto,fit=scale-down/https://storage.googleapis.com/gpt-engineer-file-uploads/lFLQD4G4AdaKMu3Y2t61VEd6c0h2/landing" @ https://lovable.dev/_next/static/chunks/ded59084f3dc2953.js?dpl=016cf21b42cc9e85b272d4122c9e52fe:22
[    9485ms] [WARNING] Failed parsing 'srcset' attribute value since it has an unknown descriptor. @ https://lovable.dev/_next/static/chunks/ded59084f3dc2953.js?dpl=016cf21b42cc9e85b272d4122c9e52fe:22
[    9485ms] [WARNING] Dropped srcset candidate "https://lovable.dev/cdn-cgi/image/width=2048,f=auto,fit=scale-down/https://storage.googleapis.com/gpt-engineer-file-uploads/lFLQD4G4AdaKMu3Y2t61VEd6c0h2/landing" @ https://lovable.dev/_next/static/chunks/ded59084f3dc2953.js?dpl=016cf21b42cc9e85b272d4122c9e52fe:22
[    9485ms] [WARNING] Failed parsing 'srcset' attribute value since it has an unknown descriptor. @ https://lovable.dev/_next/static/chunks/ded59084f3dc2953.js?dpl=016cf21b42cc9e85b272d4122c9e52fe:22
[    9485ms] [WARNING] Dropped srcset candidate "https://lovable.dev/cdn-cgi/image/width=3840,f=auto,fit=scale-down/https://storage.googleapis.com/gpt-engineer-file-uploads/lFLQD4G4AdaKMu3Y2t61VEd6c0h2/landing" @ https://lovable.dev/_next/static/chunks/ded59084f3dc2953.js?dpl=016cf21b42cc9e85b272d4122c9e52fe:22
[    9485ms] [WARNING] Failed parsing 'srcset' attribute value since it has an unknown descriptor. @ https://lovable.dev/_next/static/chunks/ded59084f3dc2953.js?dpl=016cf21b42cc9e85b272d4122c9e52fe:22
[    9485ms] [WARNING] Dropped srcset candidate "https://lovable.dev/cdn-cgi/image/width=640,f=auto,fit=scale-down/https://storage.googleapis.com/gpt-engineer-file-uploads/lFLQD4G4AdaKMu3Y2t61VEd6c0h2/landing" @ https://lovable.dev/_next/static/chunks/ded59084f3dc2953.js?dpl=016cf21b42cc9e85b272d4122c9e52fe:22
[    9485ms] [WARNING] Failed parsing 'srcset' attribute value since it has an unknown descriptor. @ https://lovable.dev/_next/static/chunks/ded59084f3dc2953.js?dpl=016cf21b42cc9e85b272d4122c9e52fe:22
[    9485ms] [WARNING] Dropped srcset candidate "https://lovable.dev/cdn-cgi/image/width=750,f=auto,fit=scale-down/https://storage.googleapis.com/gpt-engineer-file-uploads/lFLQD4G4AdaKMu3Y2t61VEd6c0h2/landing" @ https://lovable.dev/_next/static/chunks/ded59084f3dc2953.js?dpl=016cf21b42cc9e85b272d4122c9e52fe:22
[    9485ms] [WARNING] Failed parsing 'srcset' attribute value since it has an unknown descriptor. @ https://lovable.dev/_next/static/chunks/ded59084f3dc2953.js?dpl=016cf21b42cc9e85b272d4122c9e52fe:22
[    9485ms] [WARNING] Dropped srcset candidate "https://lovable.dev/cdn-cgi/image/width=828,f=auto,fit=scale-down/https://storage.googleapis.com/gpt-engineer-file-uploads/lFLQD4G4AdaKMu3Y2t61VEd6c0h2/landing" @ https://lovable.dev/_next/static/chunks/ded59084f3dc2953.js?dpl=016cf21b42cc9e85b272d4122c9e52fe:22
[    9485ms] [WARNING] Failed parsing 'srcset' attribute value since it has an unknown descriptor. @ https://lovable.dev/_next/static/chunks/ded59084f3dc2953.js?dpl=016cf21b42cc9e85b272d4122c9e52fe:22
[    9485ms] [WARNING] Dropped srcset candidate "https://lovable.dev/cdn-cgi/image/width=1080,f=auto,fit=scale-down/https://storage.googleapis.com/gpt-engineer-file-uploads/lFLQD4G4AdaKMu3Y2t61VEd6c0h2/landing" @ https://lovable.dev/_next/static/chunks/ded59084f3dc2953.js?dpl=016cf21b42cc9e85b272d4122c9e52fe:22
[    9485ms] [WARNING] Failed parsing 'srcset' attribute value since it has an unknown descriptor. @ https://lovable.dev/_next/static/chunks/ded59084f3dc2953.js?dpl=016cf21b42cc9e85b272d4122c9e52fe:22
[    9485ms] [WARNING] Dropped srcset candidate "https://lovable.dev/cdn-cgi/image/width=1200,f=auto,fit=scale-down/https://storage.googleapis.com/gpt-engineer-file-uploads/lFLQD4G4AdaKMu3Y2t61VEd6c0h2/landing" @ https://lovable.dev/_next/static/chunks/ded59084f3dc2953.js?dpl=016cf21b42cc9e85b272d4122c9e52fe:22
[    9485ms] [WARNING] Failed parsing 'srcset' attribute value since it has an unknown descriptor. @ https://lovable.dev/_next/static/chunks/ded59084f3dc2953.js?dpl=016cf21b42cc9e85b272d4122c9e52fe:22
[    9485ms] [WARNING] Dropped srcset candidate "https://lovable.dev/cdn-cgi/image/width=1920,f=auto,fit=scale-down/https://storage.googleapis.com/gpt-engineer-file-uploads/lFLQD4G4AdaKMu3Y2t61VEd6c0h2/landing" @ https://lovable.dev/_next/static/chunks/ded59084f3dc2953.js?dpl=016cf21b42cc9e85b272d4122c9e52fe:22
[    9485ms] [WARNING] Failed parsing 'srcset' attribute value since it has an unknown descriptor. @ https://lovable.dev/_next/static/chunks/ded59084f3dc2953.js?dpl=016cf21b42cc9e85b272d4122c9e52fe:22
[    9485ms] [WARNING] Dropped srcset candidate "https://lovable.dev/cdn-cgi/image/width=2048,f=auto,fit=scale-down/https://storage.googleapis.com/gpt-engineer-file-uploads/lFLQD4G4AdaKMu3Y2t61VEd6c0h2/landing" @ https://lovable.dev/_next/static/chunks/ded59084f3dc2953.js?dpl=016cf21b42cc9e85b272d4122c9e52fe:22
[    9485ms] [WARNING] Failed parsing 'srcset' attribute value since it has an unknown descriptor. @ https://lovable.dev/_next/static/chunks/ded59084f3dc2953.js?dpl=016cf21b42cc9e85b272d4122c9e52fe:22
[    9485ms] [WARNING] Dropped srcset candidate "https://lovable.dev/cdn-cgi/image/width=3840,f=auto,fit=scale-down/https://storage.googleapis.com/gpt-engineer-file-uploads/lFLQD4G4AdaKMu3Y2t61VEd6c0h2/landing" @ https://lovable.dev/_next/static/chunks/ded59084f3dc2953.js?dpl=016cf21b42cc9e85b272d4122c9e52fe:22
[    9485ms] [WARNING] Failed parsing 'srcset' attribute value since it has an unknown descriptor. @ https://lovable.dev/_next/static/chunks/ded59084f3dc2953.js?dpl=016cf21b42cc9e85b272d4122c9e52fe:22
[    9485ms] [WARNING] Dropped srcset candidate "https://lovable.dev/cdn-cgi/image/width=52,f=auto,fit=scale-down/https://storage.googleapis.com/gpt-engineer-file-uploads/lFLQD4G4AdaKMu3Y2t61VEd6c0h2/thumbnail" @ https://lovable.dev/_next/static/chunks/ded59084f3dc2953.js?dpl=016cf21b42cc9e85b272d4122c9e52fe:22
[    9485ms] [WARNING] Failed parsing 'srcset' attribute value since it has an unknown descriptor. @ https://lovable.dev/_next/static/chunks/ded59084f3dc2953.js?dpl=016cf21b42cc9e85b272d4122c9e52fe:22
[    9485ms] [WARNING] Dropped srcset candidate "https://lovable.dev/cdn-cgi/image/width=104,f=auto,fit=scale-down/https://storage.googleapis.com/gpt-engineer-file-uploads/lFLQD4G4AdaKMu3Y2t61VEd6c0h2/thumbnail" @ https://lovable.dev/_next/static/chunks/ded59084f3dc2953.js?dpl=016cf21b42cc9e85b272d4122c9e52fe:22
[    9485ms] [WARNING] Failed parsing 'srcset' attribute value since it has an unknown descriptor. @ https://lovable.dev/_next/static/chunks/ded59084f3dc2953.js?dpl=016cf21b42cc9e85b272d4122c9e52fe:22
[    9485ms] [WARNING] Dropped srcset candidate "https://lovable.dev/cdn-cgi/image/width=52,f=auto,fit=scale-down/https://storage.googleapis.com/gpt-engineer-file-uploads/lFLQD4G4AdaKMu3Y2t61VEd6c0h2/thumbnail" @ https://lovable.dev/_next/static/chunks/ded59084f3dc2953.js?dpl=016cf21b42cc9e85b272d4122c9e52fe:22
[    9485ms] [WARNING] Failed parsing 'srcset' attribute value since it has an unknown descriptor. @ https://lovable.dev/_next/static/chunks/ded59084f3dc2953.js?dpl=016cf21b42cc9e85b272d4122c9e52fe:22
[    9485ms] [WARNING] Dropped srcset candidate "https://lovable.dev/cdn-cgi/image/width=104,f=auto,fit=scale-down/https://storage.googleapis.com/gpt-engineer-file-uploads/lFLQD4G4AdaKMu3Y2t61VEd6c0h2/thumbnail" @ https://lovable.dev/_next/static/chunks/ded59084f3dc2953.js?dpl=016cf21b42cc9e85b272d4122c9e52fe:22
[    9486ms] [WARNING] Failed parsing 'srcset' attribute value since it has an unknown descriptor. @ https://lovable.dev/_next/static/chunks/ded59084f3dc2953.js?dpl=016cf21b42cc9e85b272d4122c9e52fe:22
[    9486ms] [WARNING] Dropped srcset candidate "https://lovable.dev/cdn-cgi/image/width=52,f=auto,fit=scale-down/https://storage.googleapis.com/gpt-engineer-file-uploads/zHVyO6oiNXTuPW6ymEYgo8SJDuG2/Untitled" @ https://lovable.dev/_next/static/chunks/ded59084f3dc2953.js?dpl=016cf21b42cc9e85b272d4122c9e52fe:22
[    9486ms] [WARNING] Failed parsing 'srcset' attribute value since it has an unknown descriptor. @ https://lovable.dev/_next/static/chunks/ded59084f3dc2953.js?dpl=016cf21b42cc9e85b272d4122c9e52fe:22
[    9486ms] [WARNING] Dropped srcset candidate "https://lovable.dev/cdn-cgi/image/width=104,f=auto,fit=scale-down/https://storage.googleapis.com/gpt-engineer-file-uploads/zHVyO6oiNXTuPW6ymEYgo8SJDuG2/Untitled" @ https://lovable.dev/_next/static/chunks/ded59084f3dc2953.js?dpl=016cf21b42cc9e85b272d4122c9e52fe:22
[    9486ms] [WARNING] Failed parsing 'srcset' attribute value since it has an unknown descriptor. @ https://lovable.dev/_next/static/chunks/ded59084f3dc2953.js?dpl=016cf21b42cc9e85b272d4122c9e52fe:22
[    9486ms] [WARNING] Dropped srcset candidate "https://lovable.dev/cdn-cgi/image/width=52,f=auto,fit=scale-down/https://storage.googleapis.com/gpt-engineer-file-uploads/zHVyO6oiNXTuPW6ymEYgo8SJDuG2/Untitled" @ https://lovable.dev/_next/static/chunks/ded59084f3dc2953.js?dpl=016cf21b42cc9e85b272d4122c9e52fe:22
[    9486ms] [WARNING] Failed parsing 'srcset' attribute value since it has an unknown descriptor. @ https://lovable.dev/_next/static/chunks/ded59084f3dc2953.js?dpl=016cf21b42cc9e85b272d4122c9e52fe:22
[    9486ms] [WARNING] Dropped srcset candidate "https://lovable.dev/cdn-cgi/image/width=104,f=auto,fit=scale-down/https://storage.googleapis.com/gpt-engineer-file-uploads/zHVyO6oiNXTuPW6ymEYgo8SJDuG2/Untitled" @ https://lovable.dev/_next/static/chunks/ded59084f3dc2953.js?dpl=016cf21b42cc9e85b272d4122c9e52fe:22
[    9486ms] [WARNING] Failed parsing 'srcset' attribute value since it has an unknown descriptor. @ https://lovable.dev/_next/static/chunks/ded59084f3dc2953.js?dpl=016cf21b42cc9e85b272d4122c9e52fe:22
[    9486ms] [WARNING] Dropped srcset candidate "https://lovable.dev/cdn-cgi/image/width=640,f=auto,fit=scale-down/https://storage.googleapis.com/gpt-engineer-file-uploads/UTlQnbzsMUe5xVCQW6aDkhtQUxs2/Screenshot" @ https://lovable.dev/_next/static/chunks/ded59084f3dc2953.js?dpl=016cf21b42cc9e85b272d4122c9e52fe:22
[    9486ms] [WARNING] Failed parsing 'srcset' attribute value since it has an unknown descriptor. @ https://lovable.dev/_next/static/chunks/ded59084f3dc2953.js?dpl=016cf21b42cc9e85b272d4122c9e52fe:22
[    9486ms] [WARNING] Dropped srcset candidate "https://lovable.dev/cdn-cgi/image/width=750,f=auto,fit=scale-down/https://storage.googleapis.com/gpt-engineer-file-uploads/UTlQnbzsMUe5xVCQW6aDkhtQUxs2/Screenshot" @ https://lovable.dev/_next/static/chunks/ded59084f3dc2953.js?dpl=016cf21b42cc9e85b272d4122c9e52fe:22
[    9486ms] [WARNING] Failed parsing 'srcset' attribute value since it has an unknown descriptor. @ https://lovable.dev/_next/static/chunks/ded59084f3dc2953.js?dpl=016cf21b42cc9e85b272d4122c9e52fe:22
[    9486ms] [WARNING] Dropped srcset candidate "https://lovable.dev/cdn-cgi/image/width=828,f=auto,fit=scale-down/https://storage.googleapis.com/gpt-engineer-file-uploads/UTlQnbzsMUe5xVCQW6aDkhtQUxs2/Screenshot" @ https://lovable.dev/_next/static/chunks/ded59084f3dc2953.js?dpl=016cf21b42cc9e85b272d4122c9e52fe:22
[    9486ms] [WARNING] Failed parsing 'srcset' attribute value since it has an unknown descriptor. @ https://lovable.dev/_next/static/chunks/ded59084f3dc2953.js?dpl=016cf21b42cc9e85b272d4122c9e52fe:22
[    9486ms] [WARNING] Dropped srcset candidate "https://lovable.dev/cdn-cgi/image/width=1080,f=auto,fit=scale-down/https://storage.googleapis.com/gpt-engineer-file-uploads/UTlQnbzsMUe5xVCQW6aDkhtQUxs2/Screenshot" @ https://lovable.dev/_next/static/chunks/ded59084f3dc2953.js?dpl=016cf21b42cc9e85b272d4122c9e52fe:22
[    9486ms] [WARNING] Failed parsing 'srcset' attribute value since it has an unknown descriptor. @ https://lovable.dev/_next/static/chunks/ded59084f3dc2953.js?dpl=016cf21b42cc9e85b272d4122c9e52fe:22
[    9486ms] [WARNING] Dropped srcset candidate "https://lovable.dev/cdn-cgi/image/width=1200,f=auto,fit=scale-down/https://storage.googleapis.com/gpt-engineer-file-uploads/UTlQnbzsMUe5xVCQW6aDkhtQUxs2/Screenshot" @ https://lovable.dev/_next/static/chunks/ded59084f3dc2953.js?dpl=016cf21b42cc9e85b272d4122c9e52fe:22
[    9486ms] [WARNING] Failed parsing 'srcset' attribute value since it has an unknown descriptor. @ https://lovable.dev/_next/static/chunks/ded59084f3dc2953.js?dpl=016cf21b42cc9e85b272d4122c9e52fe:22
[    9486ms] [WARNING] Dropped srcset candidate "https://lovable.dev/cdn-cgi/image/width=1920,f=auto,fit=scale-down/https://storage.googleapis.com/gpt-engineer-file-uploads/UTlQnbzsMUe5xVCQW6aDkhtQUxs2/Screenshot" @ https://lovable.dev/_next/static/chunks/ded59084f3dc2953.js?dpl=016cf21b42cc9e85b272d4122c9e52fe:22
[    9486ms] [WARNING] Failed parsing 'srcset' attribute value since it has an unknown descriptor. @ https://lovable.dev/_next/static/chunks/ded59084f3dc2953.js?dpl=016cf21b42cc9e85b272d4122c9e52fe:22
[    9486ms] [WARNING] Dropped srcset candidate "https://lovable.dev/cdn-cgi/image/width=2048,f=auto,fit=scale-down/https://storage.googleapis.com/gpt-engineer-file-uploads/UTlQnbzsMUe5xVCQW6aDkhtQUxs2/Screenshot" @ https://lovable.dev/_next/static/chunks/ded59084f3dc2953.js?dpl=016cf21b42cc9e85b272d4122c9e52fe:22
[    9486ms] [WARNING] Failed parsing 'srcset' attribute value since it has an unknown descriptor. @ https://lovable.dev/_next/static/chunks/ded59084f3dc2953.js?dpl=016cf21b42cc9e85b272d4122c9e52fe:22
[    9486ms] [WARNING] Dropped srcset candidate "https://lovable.dev/cdn-cgi/image/width=3840,f=auto,fit=scale-down/https://storage.googleapis.com/gpt-engineer-file-uploads/UTlQnbzsMUe5xVCQW6aDkhtQUxs2/Screenshot" @ https://lovable.dev/_next/static/chunks/ded59084f3dc2953.js?dpl=016cf21b42cc9e85b272d4122c9e52fe:22
[    9486ms] [WARNING] Failed parsing 'srcset' attribute value since it has an unknown descriptor. @ https://lovable.dev/_next/static/chunks/ded59084f3dc2953.js?dpl=016cf21b42cc9e85b272d4122c9e52fe:22
[    9486ms] [WARNING] Dropped srcset candidate "https://lovable.dev/cdn-cgi/image/width=640,f=auto,fit=scale-down/https://storage.googleapis.com/gpt-engineer-file-uploads/UTlQnbzsMUe5xVCQW6aDkhtQUxs2/Screenshot" @ https://lovable.dev/_next/static/chunks/ded59084f3dc2953.js?dpl=016cf21b42cc9e85b272d4122c9e52fe:22
[    9486ms] [WARNING] Failed parsing 'srcset' attribute value since it has an unknown descriptor. @ https://lovable.dev/_next/static/chunks/ded59084f3dc2953.js?dpl=016cf21b42cc9e85b272d4122c9e52fe:22
[    9486ms] [WARNING] Dropped srcset candidate "https://lovable.dev/cdn-cgi/image/width=750,f=auto,fit=scale-down/https://storage.googleapis.com/gpt-engineer-file-uploads/UTlQnbzsMUe5xVCQW6aDkhtQUxs2/Screenshot" @ https://lovable.dev/_next/static/chunks/ded59084f3dc2953.js?dpl=016cf21b42cc9e85b272d4122c9e52fe:22
[    9486ms] [WARNING] Failed parsing 'srcset' attribute value since it has an unknown descriptor. @ https://lovable.dev/_next/static/chunks/ded59084f3dc2953.js?dpl=016cf21b42cc9e85b272d4122c9e52fe:22
[    9486ms] [WARNING] Dropped srcset candidate "https://lovable.dev/cdn-cgi/image/width=828,f=auto,fit=scale-down/https://storage.googleapis.com/gpt-engineer-file-uploads/UTlQnbzsMUe5xVCQW6aDkhtQUxs2/Screenshot" @ https://lovable.dev/_next/static/chunks/ded59084f3dc2953.js?dpl=016cf21b42cc9e85b272d4122c9e52fe:22
[    9486ms] [WARNING] Failed parsing 'srcset' attribute value since it has an unknown descriptor. @ https://lovable.dev/_next/static/chunks/ded59084f3dc2953.js?dpl=016cf21b42cc9e85b272d4122c9e52fe:22
[    9486ms] [WARNING] Dropped srcset candidate "https://lovable.dev/cdn-cgi/image/width=1080,f=auto,fit=scale-down/https://storage.googleapis.com/gpt-engineer-file-uploads/UTlQnbzsMUe5xVCQW6aDkhtQUxs2/Screenshot" @ https://lovable.dev/_next/static/chunks/ded59084f3dc2953.js?dpl=016cf21b42cc9e85b272d4122c9e52fe:22
[    9486ms] [WARNING] Failed parsing 'srcset' attribute value since it has an unknown descriptor. @ https://lovable.dev/_next/static/chunks/ded59084f3dc2953.js?dpl=016cf21b42cc9e85b272d4122c9e52fe:22
[    9486ms] [WARNING] Dropped srcset candidate "https://lovable.dev/cdn-cgi/image/width=1200,f=auto,fit=scale-down/https://storage.googleapis.com/gpt-engineer-file-uploads/UTlQnbzsMUe5xVCQW6aDkhtQUxs2/Screenshot" @ https://lovable.dev/_next/static/chunks/ded59084f3dc2953.js?dpl=016cf21b42cc9e85b272d4122c9e52fe:22
[    9486ms] [WARNING] Failed parsing 'srcset' attribute value since it has an unknown descriptor. @ https://lovable.dev/_next/static/chunks/ded59084f3dc2953.js?dpl=016cf21b42cc9e85b272d4122c9e52fe:22
[    9486ms] [WARNING] Dropped srcset candidate "https://lovable.dev/cdn-cgi/image/width=1920,f=auto,fit=scale-down/https://storage.googleapis.com/gpt-engineer-file-uploads/UTlQnbzsMUe5xVCQW6aDkhtQUxs2/Screenshot" @ https://lovable.dev/_next/static/chunks/ded59084f3dc2953.js?dpl=016cf21b42cc9e85b272d4122c9e52fe:22
[    9486ms] [WARNING] Failed parsing 'srcset' attribute value since it has an unknown descriptor. @ https://lovable.dev/_next/static/chunks/ded59084f3dc2953.js?dpl=016cf21b42cc9e85b272d4122c9e52fe:22
[    9486ms] [WARNING] Dropped srcset candidate "https://lovable.dev/cdn-cgi/image/width=2048,f=auto,fit=scale-down/https://storage.googleapis.com/gpt-engineer-file-uploads/UTlQnbzsMUe5xVCQW6aDkhtQUxs2/Screenshot" @ https://lovable.dev/_next/static/chunks/ded59084f3dc2953.js?dpl=016cf21b42cc9e85b272d4122c9e52fe:22
[    9486ms] [WARNING] Failed parsing 'srcset' attribute value since it has an unknown descriptor. @ https://lovable.dev/_next/static/chunks/ded59084f3dc2953.js?dpl=016cf21b42cc9e85b272d4122c9e52fe:22
[    9487ms] [WARNING] Dropped srcset candidate "https://lovable.dev/cdn-cgi/image/width=3840,f=auto,fit=scale-down/https://storage.googleapis.com/gpt-engineer-file-uploads/UTlQnbzsMUe5xVCQW6aDkhtQUxs2/Screenshot" @ https://lovable.dev/_next/static/chunks/ded59084f3dc2953.js?dpl=016cf21b42cc9e85b272d4122c9e52fe:22
[    9487ms] [WARNING] Failed parsing 'srcset' attribute value since it has an unknown descriptor. @ https://lovable.dev/_next/static/chunks/ded59084f3dc2953.js?dpl=016cf21b42cc9e85b272d4122c9e52fe:22
[    9487ms] [WARNING] Dropped srcset candidate "https://lovable.dev/cdn-cgi/image/width=52,f=auto,fit=scale-down/https://storage.googleapis.com/gpt-engineer-file-uploads/UTlQnbzsMUe5xVCQW6aDkhtQUxs2/image" @ https://lovable.dev/_next/static/chunks/ded59084f3dc2953.js?dpl=016cf21b42cc9e85b272d4122c9e52fe:22
[    9487ms] [WARNING] Failed parsing 'srcset' attribute value since it has an unknown descriptor. @ https://lovable.dev/_next/static/chunks/ded59084f3dc2953.js?dpl=016cf21b42cc9e85b272d4122c9e52fe:22
[    9487ms] [WARNING] Dropped srcset candidate "https://lovable.dev/cdn-cgi/image/width=104,f=auto,fit=scale-down/https://storage.googleapis.com/gpt-engineer-file-uploads/UTlQnbzsMUe5xVCQW6aDkhtQUxs2/image" @ https://lovable.dev/_next/static/chunks/ded59084f3dc2953.js?dpl=016cf21b42cc9e85b272d4122c9e52fe:22
[    9487ms] [WARNING] Failed parsing 'srcset' attribute value since it has an unknown descriptor. @ https://lovable.dev/_next/static/chunks/ded59084f3dc2953.js?dpl=016cf21b42cc9e85b272d4122c9e52fe:22
[    9487ms] [WARNING] Dropped srcset candidate "https://lovable.dev/cdn-cgi/image/width=52,f=auto,fit=scale-down/https://storage.googleapis.com/gpt-engineer-file-uploads/UTlQnbzsMUe5xVCQW6aDkhtQUxs2/image" @ https://lovable.dev/_next/static/chunks/ded59084f3dc2953.js?dpl=016cf21b42cc9e85b272d4122c9e52fe:22
[    9487ms] [WARNING] Failed parsing 'srcset' attribute value since it has an unknown descriptor. @ https://lovable.dev/_next/static/chunks/ded59084f3dc2953.js?dpl=016cf21b42cc9e85b272d4122c9e52fe:22
[    9487ms] [WARNING] Dropped srcset candidate "https://lovable.dev/cdn-cgi/image/width=104,f=auto,fit=scale-down/https://storage.googleapis.com/gpt-engineer-file-uploads/UTlQnbzsMUe5xVCQW6aDkhtQUxs2/image" @ https://lovable.dev/_next/static/chunks/ded59084f3dc2953.js?dpl=016cf21b42cc9e85b272d4122c9e52fe:22
[    9487ms] [WARNING] Failed parsing 'srcset' attribute value since it has an unknown descriptor. @ https://lovable.dev/_next/static/chunks/ded59084f3dc2953.js?dpl=016cf21b42cc9e85b272d4122c9e52fe:22
[    9488ms] [WARNING] Dropped srcset candidate "https://lovable.dev/cdn-cgi/image/width=52,f=auto,fit=scale-down/https://storage.googleapis.com/gpt-engineer-file-uploads/UTlQnbzsMUe5xVCQW6aDkhtQUxs2/Screenshot" @ https://lovable.dev/_next/static/chunks/ded59084f3dc2953.js?dpl=016cf21b42cc9e85b272d4122c9e52fe:22
[    9488ms] [WARNING] Failed parsing 'srcset' attribute value since it has an unknown descriptor. @ https://lovable.dev/_next/static/chunks/ded59084f3dc2953.js?dpl=016cf21b42cc9e85b272d4122c9e52fe:22
[    9488ms] [WARNING] Dropped srcset candidate "https://lovable.dev/cdn-cgi/image/width=104,f=auto,fit=scale-down/https://storage.googleapis.com/gpt-engineer-file-uploads/UTlQnbzsMUe5xVCQW6aDkhtQUxs2/Screenshot" @ https://lovable.dev/_next/static/chunks/ded59084f3dc2953.js?dpl=016cf21b42cc9e85b272d4122c9e52fe:22
[    9488ms] [WARNING] Failed parsing 'srcset' attribute value since it has an unknown descriptor. @ https://lovable.dev/_next/static/chunks/ded59084f3dc2953.js?dpl=016cf21b42cc9e85b272d4122c9e52fe:22
[    9489ms] [WARNING] Dropped srcset candidate "https://lovable.dev/cdn-cgi/image/width=640,f=auto,fit=scale-down/https://storage.googleapis.com/gpt-engineer-file-uploads/ALj9BEIeZMXsfYd3hqMd972rzls2/Heading" @ https://lovable.dev/_next/static/chunks/ded59084f3dc2953.js?dpl=016cf21b42cc9e85b272d4122c9e52fe:22
[    9489ms] [WARNING] Failed parsing 'srcset' attribute value since it has an unknown descriptor. @ https://lovable.dev/_next/static/chunks/ded59084f3dc2953.js?dpl=016cf21b42cc9e85b272d4122c9e52fe:22
[    9489ms] [WARNING] Dropped srcset candidate "https://lovable.dev/cdn-cgi/image/width=750,f=auto,fit=scale-down/https://storage.googleapis.com/gpt-engineer-file-uploads/ALj9BEIeZMXsfYd3hqMd972rzls2/Heading" @ https://lovable.dev/_next/static/chunks/ded59084f3dc2953.js?dpl=016cf21b42cc9e85b272d4122c9e52fe:22
[    9489ms] [WARNING] Failed parsing 'srcset' attribute value since it has an unknown descriptor. @ https://lovable.dev/_next/static/chunks/ded59084f3dc2953.js?dpl=016cf21b42cc9e85b272d4122c9e52fe:22
[    9489ms] [WARNING] Dropped srcset candidate "https://lovable.dev/cdn-cgi/image/width=828,f=auto,fit=scale-down/https://storage.googleapis.com/gpt-engineer-file-uploads/ALj9BEIeZMXsfYd3hqMd972rzls2/Heading" @ https://lovable.dev/_next/static/chunks/ded59084f3dc2953.js?dpl=016cf21b42cc9e85b272d4122c9e52fe:22
[    9490ms] [WARNING] Failed parsing 'srcset' attribute value since it has an unknown descriptor. @ https://lovable.dev/_next/static/chunks/ded59084f3dc2953.js?dpl=016cf21b42cc9e85b272d4122c9e52fe:22
[    9490ms] [WARNING] Dropped srcset candidate "https://lovable.dev/cdn-cgi/image/width=1080,f=auto,fit=scale-down/https://storage.googleapis.com/gpt-engineer-file-uploads/ALj9BEIeZMXsfYd3hqMd972rzls2/Heading" @ https://lovable.dev/_next/static/chunks/ded59084f3dc2953.js?dpl=016cf21b42cc9e85b272d4122c9e52fe:22
[    9490ms] [WARNING] Failed parsing 'srcset' attribute value since it has an unknown descriptor. @ https://lovable.dev/_next/static/chunks/ded59084f3dc2953.js?dpl=016cf21b42cc9e85b272d4122c9e52fe:22
[    9490ms] [WARNING] Dropped srcset candidate "https://lovable.dev/cdn-cgi/image/width=1200,f=auto,fit=scale-down/https://storage.googleapis.com/gpt-engineer-file-uploads/ALj9BEIeZMXsfYd3hqMd972rzls2/Heading" @ https://lovable.dev/_next/static/chunks/ded59084f3dc2953.js?dpl=016cf21b42cc9e85b272d4122c9e52fe:22
[    9491ms] [WARNING] Failed parsing 'srcset' attribute value since it has an unknown descriptor. @ https://lovable.dev/_next/static/chunks/ded59084f3dc2953.js?dpl=016cf21b42cc9e85b272d4122c9e52fe:22
[    9491ms] [WARNING] Dropped srcset candidate "https://lovable.dev/cdn-cgi/image/width=1920,f=auto,fit=scale-down/https://storage.googleapis.com/gpt-engineer-file-uploads/ALj9BEIeZMXsfYd3hqMd972rzls2/Heading" @ https://lovable.dev/_next/static/chunks/ded59084f3dc2953.js?dpl=016cf21b42cc9e85b272d4122c9e52fe:22
[    9491ms] [WARNING] Failed parsing 'srcset' attribute value since it has an unknown descriptor. @ https://lovable.dev/_next/static/chunks/ded59084f3dc2953.js?dpl=016cf21b42cc9e85b272d4122c9e52fe:22
[    9491ms] [WARNING] Dropped srcset candidate "https://lovable.dev/cdn-cgi/image/width=2048,f=auto,fit=scale-down/https://storage.googleapis.com/gpt-engineer-file-uploads/ALj9BEIeZMXsfYd3hqMd972rzls2/Heading" @ https://lovable.dev/_next/static/chunks/ded59084f3dc2953.js?dpl=016cf21b42cc9e85b272d4122c9e52fe:22
[    9491ms] [WARNING] Failed parsing 'srcset' attribute value since it has an unknown descriptor. @ https://lovable.dev/_next/static/chunks/ded59084f3dc2953.js?dpl=016cf21b42cc9e85b272d4122c9e52fe:22
[    9492ms] [WARNING] Dropped srcset candidate "https://lovable.dev/cdn-cgi/image/width=3840,f=auto,fit=scale-down/https://storage.googleapis.com/gpt-engineer-file-uploads/ALj9BEIeZMXsfYd3hqMd972rzls2/Heading" @ https://lovable.dev/_next/static/chunks/ded59084f3dc2953.js?dpl=016cf21b42cc9e85b272d4122c9e52fe:22
[    9492ms] [WARNING] Failed parsing 'srcset' attribute value since it has an unknown descriptor. @ https://lovable.dev/_next/static/chunks/ded59084f3dc2953.js?dpl=016cf21b42cc9e85b272d4122c9e52fe:22
[    9492ms] [WARNING] Dropped srcset candidate "https://lovable.dev/cdn-cgi/image/width=52,f=auto,fit=scale-down/https://storage.googleapis.com/gpt-engineer-file-uploads/ALj9BEIeZMXsfYd3hqMd972rzls2/Attendflow" @ https://lovable.dev/_next/static/chunks/ded59084f3dc2953.js?dpl=016cf21b42cc9e85b272d4122c9e52fe:22
[    9492ms] [WARNING] Failed parsing 'srcset' attribute value since it has an unknown descriptor. @ https://lovable.dev/_next/static/chunks/ded59084f3dc2953.js?dpl=016cf21b42cc9e85b272d4122c9e52fe:22
[    9493ms] [WARNING] Dropped srcset candidate "https://lovable.dev/cdn-cgi/image/width=104,f=auto,fit=scale-down/https://storage.googleapis.com/gpt-engineer-file-uploads/ALj9BEIeZMXsfYd3hqMd972rzls2/Attendflow" @ https://lovable.dev/_next/static/chunks/ded59084f3dc2953.js?dpl=016cf21b42cc9e85b272d4122c9e52fe:22
[    9493ms] [WARNING] Failed parsing 'srcset' attribute value since it has an unknown descriptor. @ https://lovable.dev/_next/static/chunks/ded59084f3dc2953.js?dpl=016cf21b42cc9e85b272d4122c9e52fe:22
[    9493ms] [WARNING] Dropped srcset candidate "https://lovable.dev/cdn-cgi/image/width=640,f=auto,fit=scale-down/https://storage.googleapis.com/gpt-engineer-file-uploads/UTlQnbzsMUe5xVCQW6aDkhtQUxs2/Screenshot" @ https://lovable.dev/_next/static/chunks/ded59084f3dc2953.js?dpl=016cf21b42cc9e85b272d4122c9e52fe:22
[    9493ms] [WARNING] Failed parsing 'srcset' attribute value since it has an unknown descriptor. @ https://lovable.dev/_next/static/chunks/ded59084f3dc2953.js?dpl=016cf21b42cc9e85b272d4122c9e52fe:22
[    9494ms] [WARNING] Dropped srcset candidate "https://lovable.dev/cdn-cgi/image/width=750,f=auto,fit=scale-down/https://storage.googleapis.com/gpt-engineer-file-uploads/UTlQnbzsMUe5xVCQW6aDkhtQUxs2/Screenshot" @ https://lovable.dev/_next/static/chunks/ded59084f3dc2953.js?dpl=016cf21b42cc9e85b272d4122c9e52fe:22
[    9494ms] [WARNING] Failed parsing 'srcset' attribute value since it has an unknown descriptor. @ https://lovable.dev/_next/static/chunks/ded59084f3dc2953.js?dpl=016cf21b42cc9e85b272d4122c9e52fe:22
[    9494ms] [WARNING] Dropped srcset candidate "https://lovable.dev/cdn-cgi/image/width=828,f=auto,fit=scale-down/https://storage.googleapis.com/gpt-engineer-file-uploads/UTlQnbzsMUe5xVCQW6aDkhtQUxs2/Screenshot" @ https://lovable.dev/_next/static/chunks/ded59084f3dc2953.js?dpl=016cf21b42cc9e85b272d4122c9e52fe:22
[    9494ms] [WARNING] Failed parsing 'srcset' attribute value since it has an unknown descriptor. @ https://lovable.dev/_next/static/chunks/ded59084f3dc2953.js?dpl=016cf21b42cc9e85b272d4122c9e52fe:22
[    9494ms] [WARNING] Dropped srcset candidate "https://lovable.dev/cdn-cgi/image/width=1080,f=auto,fit=scale-down/https://storage.googleapis.com/gpt-engineer-file-uploads/UTlQnbzsMUe5xVCQW6aDkhtQUxs2/Screenshot" @ https://lovable.dev/_next/static/chunks/ded59084f3dc2953.js?dpl=016cf21b42cc9e85b272d4122c9e52fe:22
[    9495ms] [WARNING] Failed parsing 'srcset' attribute value since it has an unknown descriptor. @ https://lovable.dev/_next/static/chunks/ded59084f3dc2953.js?dpl=016cf21b42cc9e85b272d4122c9e52fe:22
[    9495ms] [WARNING] Dropped srcset candidate "https://lovable.dev/cdn-cgi/image/width=1200,f=auto,fit=scale-down/https://storage.googleapis.com/gpt-engineer-file-uploads/UTlQnbzsMUe5xVCQW6aDkhtQUxs2/Screenshot" @ https://lovable.dev/_next/static/chunks/ded59084f3dc2953.js?dpl=016cf21b42cc9e85b272d4122c9e52fe:22
[    9495ms] [WARNING] Failed parsing 'srcset' attribute value since it has an unknown descriptor. @ https://lovable.dev/_next/static/chunks/ded59084f3dc2953.js?dpl=016cf21b42cc9e85b272d4122c9e52fe:22
[    9495ms] [WARNING] Dropped srcset candidate "https://lovable.dev/cdn-cgi/image/width=1920,f=auto,fit=scale-down/https://storage.googleapis.com/gpt-engineer-file-uploads/UTlQnbzsMUe5xVCQW6aDkhtQUxs2/Screenshot" @ https://lovable.dev/_next/static/chunks/ded59084f3dc2953.js?dpl=016cf21b42cc9e85b272d4122c9e52fe:22
[    9496ms] [WARNING] Failed parsing 'srcset' attribute value since it has an unknown descriptor. @ https://lovable.dev/_next/static/chunks/ded59084f3dc2953.js?dpl=016cf21b42cc9e85b272d4122c9e52fe:22
[    9496ms] [WARNING] Dropped srcset candidate "https://lovable.dev/cdn-cgi/image/width=2048,f=auto,fit=scale-down/https://storage.googleapis.com/gpt-engineer-file-uploads/UTlQnbzsMUe5xVCQW6aDkhtQUxs2/Screenshot" @ https://lovable.dev/_next/static/chunks/ded59084f3dc2953.js?dpl=016cf21b42cc9e85b272d4122c9e52fe:22
[    9496ms] [WARNING] Failed parsing 'srcset' attribute value since it has an unknown descriptor. @ https://lovable.dev/_next/static/chunks/ded59084f3dc2953.js?dpl=016cf21b42cc9e85b272d4122c9e52fe:22
[    9496ms] [WARNING] Dropped srcset candidate "https://lovable.dev/cdn-cgi/image/width=3840,f=auto,fit=scale-down/https://storage.googleapis.com/gpt-engineer-file-uploads/UTlQnbzsMUe5xVCQW6aDkhtQUxs2/Screenshot" @ https://lovable.dev/_next/static/chunks/ded59084f3dc2953.js?dpl=016cf21b42cc9e85b272d4122c9e52fe:22
[    9496ms] [WARNING] Failed parsing 'srcset' attribute value since it has an unknown descriptor. @ https://lovable.dev/_next/static/chunks/ded59084f3dc2953.js?dpl=016cf21b42cc9e85b272d4122c9e52fe:22
[    9497ms] [WARNING] Dropped srcset candidate "https://lovable.dev/cdn-cgi/image/width=52,f=auto,fit=scale-down/https://storage.googleapis.com/gpt-engineer-file-uploads/UTlQnbzsMUe5xVCQW6aDkhtQUxs2/Group" @ https://lovable.dev/_next/static/chunks/ded59084f3dc2953.js?dpl=016cf21b42cc9e85b272d4122c9e52fe:22
[    9497ms] [WARNING] Failed parsing 'srcset' attribute value since it has an unknown descriptor. @ https://lovable.dev/_next/static/chunks/ded59084f3dc2953.js?dpl=016cf21b42cc9e85b272d4122c9e52fe:22
[    9497ms] [WARNING] Dropped srcset candidate "https://lovable.dev/cdn-cgi/image/width=104,f=auto,fit=scale-down/https://storage.googleapis.com/gpt-engineer-file-uploads/UTlQnbzsMUe5xVCQW6aDkhtQUxs2/Group" @ https://lovable.dev/_next/static/chunks/ded59084f3dc2953.js?dpl=016cf21b42cc9e85b272d4122c9e52fe:22
[    9497ms] [WARNING] Failed parsing 'srcset' attribute value since it has an unknown descriptor. @ https://lovable.dev/_next/static/chunks/ded59084f3dc2953.js?dpl=016cf21b42cc9e85b272d4122c9e52fe:22
[    9498ms] [WARNING] Dropped srcset candidate "https://lovable.dev/cdn-cgi/image/width=640,f=auto,fit=scale-down/https://storage.googleapis.com/gpt-engineer-file-uploads/lFLQD4G4AdaKMu3Y2t61VEd6c0h2/landing" @ https://lovable.dev/_next/static/chunks/ded59084f3dc2953.js?dpl=016cf21b42cc9e85b272d4122c9e52fe:22
[    9498ms] [WARNING] Failed parsing 'srcset' attribute value since it has an unknown descriptor. @ https://lovable.dev/_next/static/chunks/ded59084f3dc2953.js?dpl=016cf21b42cc9e85b272d4122c9e52fe:22
[    9498ms] [WARNING] Dropped srcset candidate "https://lovable.dev/cdn-cgi/image/width=750,f=auto,fit=scale-down/https://storage.googleapis.com/gpt-engineer-file-uploads/lFLQD4G4AdaKMu3Y2t61VEd6c0h2/landing" @ https://lovable.dev/_next/static/chunks/ded59084f3dc2953.js?dpl=016cf21b42cc9e85b272d4122c9e52fe:22
[    9498ms] [WARNING] Failed parsing 'srcset' attribute value since it has an unknown descriptor. @ https://lovable.dev/_next/static/chunks/ded59084f3dc2953.js?dpl=016cf21b42cc9e85b272d4122c9e52fe:22
[    9499ms] [WARNING] Dropped srcset candidate "https://lovable.dev/cdn-cgi/image/width=828,f=auto,fit=scale-down/https://storage.googleapis.com/gpt-engineer-file-uploads/lFLQD4G4AdaKMu3Y2t61VEd6c0h2/landing" @ https://lovable.dev/_next/static/chunks/ded59084f3dc2953.js?dpl=016cf21b42cc9e85b272d4122c9e52fe:22
[    9499ms] [WARNING] Failed parsing 'srcset' attribute value since it has an unknown descriptor. @ https://lovable.dev/_next/static/chunks/ded59084f3dc2953.js?dpl=016cf21b42cc9e85b272d4122c9e52fe:22
[    9499ms] [WARNING] Dropped srcset candidate "https://lovable.dev/cdn-cgi/image/width=1080,f=auto,fit=scale-down/https://storage.googleapis.com/gpt-engineer-file-uploads/lFLQD4G4AdaKMu3Y2t61VEd6c0h2/landing" @ https://lovable.dev/_next/static/chunks/ded59084f3dc2953.js?dpl=016cf21b42cc9e85b272d4122c9e52fe:22
[    9499ms] [WARNING] Failed parsing 'srcset' attribute value since it has an unknown descriptor. @ https://lovable.dev/_next/static/chunks/ded59084f3dc2953.js?dpl=016cf21b42cc9e85b272d4122c9e52fe:22
[    9499ms] [WARNING] Dropped srcset candidate "https://lovable.dev/cdn-cgi/image/width=1200,f=auto,fit=scale-down/https://storage.googleapis.com/gpt-engineer-file-uploads/lFLQD4G4AdaKMu3Y2t61VEd6c0h2/landing" @ https://lovable.dev/_next/static/chunks/ded59084f3dc2953.js?dpl=016cf21b42cc9e85b272d4122c9e52fe:22
[    9500ms] [WARNING] Failed parsing 'srcset' attribute value since it has an unknown descriptor. @ https://lovable.dev/_next/static/chunks/ded59084f3dc2953.js?dpl=016cf21b42cc9e85b272d4122c9e52fe:22
[    9500ms] [WARNING] Dropped srcset candidate "https://lovable.dev/cdn-cgi/image/width=1920,f=auto,fit=scale-down/https://storage.googleapis.com/gpt-engineer-file-uploads/lFLQD4G4AdaKMu3Y2t61VEd6c0h2/landing" @ https://lovable.dev/_next/static/chunks/ded59084f3dc2953.js?dpl=016cf21b42cc9e85b272d4122c9e52fe:22
[    9500ms] [WARNING] Failed parsing 'srcset' attribute value since it has an unknown descriptor. @ https://lovable.dev/_next/static/chunks/ded59084f3dc2953.js?dpl=016cf21b42cc9e85b272d4122c9e52fe:22
[    9500ms] [WARNING] Dropped srcset candidate "https://lovable.dev/cdn-cgi/image/width=2048,f=auto,fit=scale-down/https://storage.googleapis.com/gpt-engineer-file-uploads/lFLQD4G4AdaKMu3Y2t61VEd6c0h2/landing" @ https://lovable.dev/_next/static/chunks/ded59084f3dc2953.js?dpl=016cf21b42cc9e85b272d4122c9e52fe:22
[    9501ms] [WARNING] Failed parsing 'srcset' attribute value since it has an unknown descriptor. @ https://lovable.dev/_next/static/chunks/ded59084f3dc2953.js?dpl=016cf21b42cc9e85b272d4122c9e52fe:22
[    9501ms] [WARNING] Dropped srcset candidate "https://lovable.dev/cdn-cgi/image/width=3840,f=auto,fit=scale-down/https://storage.googleapis.com/gpt-engineer-file-uploads/lFLQD4G4AdaKMu3Y2t61VEd6c0h2/landing" @ https://lovable.dev/_next/static/chunks/ded59084f3dc2953.js?dpl=016cf21b42cc9e85b272d4122c9e52fe:22
[    9501ms] [WARNING] Failed parsing 'srcset' attribute value since it has an unknown descriptor. @ https://lovable.dev/_next/static/chunks/ded59084f3dc2953.js?dpl=016cf21b42cc9e85b272d4122c9e52fe:22
[    9501ms] [WARNING] Dropped srcset candidate "https://lovable.dev/cdn-cgi/image/width=52,f=auto,fit=scale-down/https://storage.googleapis.com/gpt-engineer-file-uploads/lFLQD4G4AdaKMu3Y2t61VEd6c0h2/thumbnail" @ https://lovable.dev/_next/static/chunks/ded59084f3dc2953.js?dpl=016cf21b42cc9e85b272d4122c9e52fe:22
[    9501ms] [WARNING] Failed parsing 'srcset' attribute value since it has an unknown descriptor. @ https://lovable.dev/_next/static/chunks/ded59084f3dc2953.js?dpl=016cf21b42cc9e85b272d4122c9e52fe:22
[    9502ms] [WARNING] Dropped srcset candidate "https://lovable.dev/cdn-cgi/image/width=104,f=auto,fit=scale-down/https://storage.googleapis.com/gpt-engineer-file-uploads/lFLQD4G4AdaKMu3Y2t61VEd6c0h2/thumbnail" @ https://lovable.dev/_next/static/chunks/ded59084f3dc2953.js?dpl=016cf21b42cc9e85b272d4122c9e52fe:22
[    9502ms] [WARNING] Failed parsing 'srcset' attribute value since it has an unknown descriptor. @ https://lovable.dev/_next/static/chunks/ded59084f3dc2953.js?dpl=016cf21b42cc9e85b272d4122c9e52fe:22
[    9502ms] [WARNING] Dropped srcset candidate "https://lovable.dev/cdn-cgi/image/width=52,f=auto,fit=scale-down/https://storage.googleapis.com/gpt-engineer-file-uploads/zHVyO6oiNXTuPW6ymEYgo8SJDuG2/Untitled" @ https://lovable.dev/_next/static/chunks/ded59084f3dc2953.js?dpl=016cf21b42cc9e85b272d4122c9e52fe:22
[    9502ms] [WARNING] Failed parsing 'srcset' attribute value since it has an unknown descriptor. @ https://lovable.dev/_next/static/chunks/ded59084f3dc2953.js?dpl=016cf21b42cc9e85b272d4122c9e52fe:22
[    9503ms] [WARNING] Dropped srcset candidate "https://lovable.dev/cdn-cgi/image/width=104,f=auto,fit=scale-down/https://storage.googleapis.com/gpt-engineer-file-uploads/zHVyO6oiNXTuPW6ymEYgo8SJDuG2/Untitled" @ https://lovable.dev/_next/static/chunks/ded59084f3dc2953.js?dpl=016cf21b42cc9e85b272d4122c9e52fe:22
[    9503ms] [WARNING] Failed parsing 'srcset' attribute value since it has an unknown descriptor. @ https://lovable.dev/_next/static/chunks/ded59084f3dc2953.js?dpl=016cf21b42cc9e85b272d4122c9e52fe:22
[    9503ms] [WARNING] Dropped srcset candidate "https://lovable.dev/cdn-cgi/image/width=640,f=auto,fit=scale-down/https://storage.googleapis.com/gpt-engineer-file-uploads/UTlQnbzsMUe5xVCQW6aDkhtQUxs2/Screenshot" @ https://lovable.dev/_next/static/chunks/ded59084f3dc2953.js?dpl=016cf21b42cc9e85b272d4122c9e52fe:22
[    9503ms] [WARNING] Failed parsing 'srcset' attribute value since it has an unknown descriptor. @ https://lovable.dev/_next/static/chunks/ded59084f3dc2953.js?dpl=016cf21b42cc9e85b272d4122c9e52fe:22
[    9504ms] [WARNING] Dropped srcset candidate "https://lovable.dev/cdn-cgi/image/width=750,f=auto,fit=scale-down/https://storage.googleapis.com/gpt-engineer-file-uploads/UTlQnbzsMUe5xVCQW6aDkhtQUxs2/Screenshot" @ https://lovable.dev/_next/static/chunks/ded59084f3dc2953.js?dpl=016cf21b42cc9e85b272d4122c9e52fe:22
[    9504ms] [WARNING] Failed parsing 'srcset' attribute value since it has an unknown descriptor. @ https://lovable.dev/_next/static/chunks/ded59084f3dc2953.js?dpl=016cf21b42cc9e85b272d4122c9e52fe:22
[    9504ms] [WARNING] Dropped srcset candidate "https://lovable.dev/cdn-cgi/image/width=828,f=auto,fit=scale-down/https://storage.googleapis.com/gpt-engineer-file-uploads/UTlQnbzsMUe5xVCQW6aDkhtQUxs2/Screenshot" @ https://lovable.dev/_next/static/chunks/ded59084f3dc2953.js?dpl=016cf21b42cc9e85b272d4122c9e52fe:22
[    9504ms] [WARNING] Failed parsing 'srcset' attribute value since it has an unknown descriptor. @ https://lovable.dev/_next/static/chunks/ded59084f3dc2953.js?dpl=016cf21b42cc9e85b272d4122c9e52fe:22
[    9504ms] [WARNING] Dropped srcset candidate "https://lovable.dev/cdn-cgi/image/width=1080,f=auto,fit=scale-down/https://storage.googleapis.com/gpt-engineer-file-uploads/UTlQnbzsMUe5xVCQW6aDkhtQUxs2/Screenshot" @ https://lovable.dev/_next/static/chunks/ded59084f3dc2953.js?dpl=016cf21b42cc9e85b272d4122c9e52fe:22
[    9505ms] [WARNING] Failed parsing 'srcset' attribute value since it has an unknown descriptor. @ https://lovable.dev/_next/static/chunks/ded59084f3dc2953.js?dpl=016cf21b42cc9e85b272d4122c9e52fe:22
[    9505ms] [WARNING] Dropped srcset candidate "https://lovable.dev/cdn-cgi/image/width=1200,f=auto,fit=scale-down/https://storage.googleapis.com/gpt-engineer-file-uploads/UTlQnbzsMUe5xVCQW6aDkhtQUxs2/Screenshot" @ https://lovable.dev/_next/static/chunks/ded59084f3dc2953.js?dpl=016cf21b42cc9e85b272d4122c9e52fe:22
[    9505ms] [WARNING] Failed parsing 'srcset' attribute value since it has an unknown descriptor. @ https://lovable.dev/_next/static/chunks/ded59084f3dc2953.js?dpl=016cf21b42cc9e85b272d4122c9e52fe:22
[    9505ms] [WARNING] Dropped srcset candidate "https://lovable.dev/cdn-cgi/image/width=1920,f=auto,fit=scale-down/https://storage.googleapis.com/gpt-engineer-file-uploads/UTlQnbzsMUe5xVCQW6aDkhtQUxs2/Screenshot" @ https://lovable.dev/_next/static/chunks/ded59084f3dc2953.js?dpl=016cf21b42cc9e85b272d4122c9e52fe:22
[    9506ms] [WARNING] Failed parsing 'srcset' attribute value since it has an unknown descriptor. @ https://lovable.dev/_next/static/chunks/ded59084f3dc2953.js?dpl=016cf21b42cc9e85b272d4122c9e52fe:22
[    9506ms] [WARNING] Dropped srcset candidate "https://lovable.dev/cdn-cgi/image/width=2048,f=auto,fit=scale-down/https://storage.googleapis.com/gpt-engineer-file-uploads/UTlQnbzsMUe5xVCQW6aDkhtQUxs2/Screenshot" @ https://lovable.dev/_next/static/chunks/ded59084f3dc2953.js?dpl=016cf21b42cc9e85b272d4122c9e52fe:22
[    9506ms] [WARNING] Failed parsing 'srcset' attribute value since it has an unknown descriptor. @ https://lovable.dev/_next/static/chunks/ded59084f3dc2953.js?dpl=016cf21b42cc9e85b272d4122c9e52fe:22
[    9506ms] [WARNING] Dropped srcset candidate "https://lovable.dev/cdn-cgi/image/width=3840,f=auto,fit=scale-down/https://storage.googleapis.com/gpt-engineer-file-uploads/UTlQnbzsMUe5xVCQW6aDkhtQUxs2/Screenshot" @ https://lovable.dev/_next/static/chunks/ded59084f3dc2953.js?dpl=016cf21b42cc9e85b272d4122c9e52fe:22
[    9506ms] [WARNING] Failed parsing 'srcset' attribute value since it has an unknown descriptor. @ https://lovable.dev/_next/static/chunks/ded59084f3dc2953.js?dpl=016cf21b42cc9e85b272d4122c9e52fe:22
[    9507ms] [WARNING] Dropped srcset candidate "https://lovable.dev/cdn-cgi/image/width=52,f=auto,fit=scale-down/https://storage.googleapis.com/gpt-engineer-file-uploads/UTlQnbzsMUe5xVCQW6aDkhtQUxs2/image" @ https://lovable.dev/_next/static/chunks/ded59084f3dc2953.js?dpl=016cf21b42cc9e85b272d4122c9e52fe:22
[    9507ms] [WARNING] Failed parsing 'srcset' attribute value since it has an unknown descriptor. @ https://lovable.dev/_next/static/chunks/ded59084f3dc2953.js?dpl=016cf21b42cc9e85b272d4122c9e52fe:22
[    9507ms] [WARNING] Dropped srcset candidate "https://lovable.dev/cdn-cgi/image/width=104,f=auto,fit=scale-down/https://storage.googleapis.com/gpt-engineer-file-uploads/UTlQnbzsMUe5xVCQW6aDkhtQUxs2/image" @ https://lovable.dev/_next/static/chunks/ded59084f3dc2953.js?dpl=016cf21b42cc9e85b272d4122c9e52fe:22
