{"type":"server-started","port":52485,"host":"127.0.0.1","url_host":"localhost","url":"http://localhost:52485","screen_dir":"/Users/jonathanzhang/Desktop/CodeStart/CodeStart/.superpowers/brainstorm/37412-1775803774/content","state_dir":"/Users/jonathanzhang/Desktop/CodeStart/CodeStart/.superpowers/brainstorm/37412-1775803774/state"}
{"type":"screen-added","file":"/Users/jonathanzhang/Desktop/CodeStart/CodeStart/.superpowers/brainstorm/37412-1775803774/content/scope.html"}
{"source":"user-event","type":"click","text":"D\n    \n      Everything — Full Polish Pass\n      Comprehensive improvements across all panels, fixing typography, spacing, colors, and interactions everywhere","choice":"everything","id":null,"timestamp":1775803811004}
{"source":"user-event","type":"click","text":"C\n    \n      Preview / Device Simulator\n      Device frame rendering, preview controls, QR code panel, mobile device display","choice":"preview","id":null,"timestamp":1775803824006}
{"source":"user-event","type":"click","text":"B\n    \n      Overall Layout & Navigation\n      Navbar, tools dock, panel structure, spacing, visual polish across the whole IDE shell","choice":"layout","id":null,"timestamp":1775803825519}
{"source":"user-event","type":"click","text":"A\n    \n      Chat / Agent Interface\n      Plan cards, message bubbles, action logs, build phase UI — the core AI interaction experience","choice":"chat","id":null,"timestamp":1775803828656}
{"type":"screen-added","file":"/Users/jonathanzhang/Desktop/CodeStart/CodeStart/.superpowers/brainstorm/37412-1775803774/content/visual-direction.html"}
{"source":"user-event","type":"click","text":"Dark mode\n          \n          \n          \n          \n            \n            \n          \n        \n        \n          Light mode\n          \n          \n          \n          \n            \n            \n          \n        \n      \n    \n    \n      Adaptive (Best of Both)\n      Dark mode gets premium polish; light mode gets clean crispness. Both feel equally intentional. Current app already supports themes — lean into it.","choice":"adaptive","id":null,"timestamp":1775803925210}
{"source":"user-event","type":"click","text":"Dark mode\n          \n          \n          \n          \n            \n            \n          \n        \n        \n          Light mode\n          \n          \n          \n          \n            \n            \n          \n        \n      \n    \n    \n      Adaptive (Best of Both)\n      Dark mode gets premium polish; light mode gets clean crispness. Both feel equally intentional. Current app already supports themes — lean into it.","choice":"adaptive","id":null,"timestamp":1775803940134}
{"type":"screen-added","file":"/Users/jonathanzhang/Desktop/CodeStart/CodeStart/.superpowers/brainstorm/37412-1775803774/content/waiting-1.html"}
{"type":"screen-added","file":"/Users/jonathanzhang/Desktop/CodeStart/CodeStart/.superpowers/brainstorm/37412-1775803774/content/approaches.html"}
{"source":"user-event","type":"click","text":"B\n    \n      Targeted Redesign RECOMMENDED\n      What: Surface polish PLUS redesign of 4 high-impact components: (1) Navbar — cleaner, more intentional, (2) Chat message bubbles + plan cards — readable typography, decluttered layout, better streaming feel, (3) Action log — grouped, collapsible, less noise, (4) Tools dock — refined icons, better active states.\n      Risk: Medium. Component-level rewrites but no store/logic changes.\n      Result: Feels like a different (better) product. Mixed audience can approach it confidently; power users get the premium feel.\n      \n        ProsHigh impact on the most-used surfacesManageable scopeTargets real pain points found in code\n        ConsMore work than APlan card redesign is the riskiest piece","choice":"targeted","id":null,"timestamp":1775804104054}
{"source":"user-event","type":"click","text":"C\n    \n      Full Visual Overhaul\n      What: Everything in B, plus: redesign the preview panel controls, add micro-animations (step completion, file write flash, build phase transitions), introduce a refined design token layer (spacing, shadow, radius scale), and polish the device simulator frame.\n      Risk: Higher. More files touched, more moving parts. More likely to introduce visual regressions in edge cases.\n      Result: The most premium result. Feels production-grade.\n      \n        ProsMost impactful end resultEvery surface gets attention\n        ConsLarge scope — many filesAnimations can regress if CSS conflictsLonger implementation","choice":"full","id":null,"timestamp":1775804113889}
{"type":"screen-added","file":"/Users/jonathanzhang/Desktop/CodeStart/CodeStart/.superpowers/brainstorm/37412-1775803774/content/design-section1-tokens.html"}
{"type":"screen-added","file":"/Users/jonathanzhang/Desktop/CodeStart/CodeStart/.superpowers/brainstorm/37412-1775803774/content/design-section2-shell.html"}
{"type":"screen-added","file":"/Users/jonathanzhang/Desktop/CodeStart/CodeStart/.superpowers/brainstorm/37412-1775803774/content/design-section3-chat.html"}
{"type":"screen-updated","file":"/Users/jonathanzhang/Desktop/CodeStart/CodeStart/.superpowers/brainstorm/37412-1775803774/content/design-section3-chat.html"}
{"type":"screen-added","file":"/Users/jonathanzhang/Desktop/CodeStart/CodeStart/.superpowers/brainstorm/37412-1775803774/content/design-section4-preview.html"}
{"type":"screen-added","file":"/Users/jonathanzhang/Desktop/CodeStart/CodeStart/.superpowers/brainstorm/37412-1775803774/content/design-section5-animations.html"}
{"type":"server-stopped","reason":"idle timeout"}
